✔ MEMORY mutation inside actual reducer history await cannot poison command/result journal (269.067885ms)
✔ MEMORY pinned bookkeeping preflight-failure (184.243702ms)
✔ MEMORY pinned bookkeeping submit-exception (374.536592ms)
✔ MEMORY pinned bookkeeping bad-receipt (321.380494ms)
✔ MEMORY strict whole request rejects malformed input (r    )=>{r.extra=true;} (53.727365ms)
✔ MEMORY strict whole request rejects malformed input (r    )=>{delete r.retry;} (52.306872ms)
✔ MEMORY strict whole request rejects malformed input (r    )=>{r.retry=null;} (50.409852ms)
✔ MEMORY strict whole request rejects malformed input (r    )=>{r.attempt=[];} (49.208246ms)
✔ MEMORY strict whole request rejects malformed input (r    )=>{r.fence=null;} (50.70234ms)
✔ MEMORY strict whole request rejects malformed input (r    )=>{r.intent=undefined;} (51.223157ms)
✔ MEMORY strict whole request rejects malformed input (r    )=>{Object.defineProperty(r.attempt,'id',{enumerable:true,get(){throw Error('GETTER_MUST_NOT_EXECUTE');}});} (48.956769ms)
✔ MEMORY captured explicit proven-safe retry survives caller change (302.968638ms)
✔ SQL mutation inside actual reducer history await cannot poison command/result journal (1341.719175ms)
✔ SQL pinned bookkeeping preflight-failure (931.805229ms)
✔ SQL pinned bookkeeping submit-exception (1179.715899ms)
✔ SQL pinned bookkeeping bad-receipt (1090.241417ms)
✔ SQL strict whole request rejects malformed input (r    )=>{r.extra=true;} (812.046433ms)
✔ SQL strict whole request rejects malformed input (r    )=>{delete r.retry;} (881.157396ms)
✔ SQL strict whole request rejects malformed input (r    )=>{r.retry=null;} (837.525787ms)
✔ SQL strict whole request rejects malformed input (r    )=>{r.attempt=[];} (861.783324ms)
✔ SQL strict whole request rejects malformed input (r    )=>{r.fence=null;} (815.368735ms)
✔ SQL strict whole request rejects malformed input (r    )=>{r.intent=undefined;} (837.473223ms)
✔ SQL strict whole request rejects malformed input (r    )=>{Object.defineProperty(r.attempt,'id',{enumerable:true,get(){throw Error('GETTER_MUST_NOT_EXECUTE');}});} (791.909279ms)
✔ SQL captured explicit proven-safe retry survives caller change (1050.473858ms)
✔ fresh SQL restoration rollback after an enforcement row, strict live capture guard and nonempty import (962.261884ms)
✔ canonical-only snapshot with no enforcement events restores to fresh SQL unchanged (745.44825ms)
✔ MEMORY whole invocation pinned: replace (1301.959438ms)
✔ MEMORY whole invocation pinned: nested (1321.337983ms)
✔ MEMORY whole invocation pinned: retry (1082.305903ms)
✔ MEMORY whole invocation pinned: fence (1123.5122ms)
✔ MEMORY whole invocation pinned: intent (1074.362781ms)
✔ MEMORY whole invocation pinned: during-submit (1094.230214ms)
✔ MEMORY rejects accessor invocation intent without reading getter (40.956419ms)
✔ MEMORY rejects accessor invocation attempt without reading getter (41.942491ms)
✔ MEMORY rejects accessor invocation fence without reading getter (41.671935ms)
✔ MEMORY rejects accessor invocation retry without reading getter (40.328045ms)
✔ MEMORY command captured before queue and journal uses same deep command (196.0641ms)
✔ MEMORY canonical and reconstruction queries capture before await (152.032621ms)
✔ MEMORY -> fresh MEMORY: interleaving, as-of cuts, Current tail, fencing, revoke, submitting and ambiguity (6228.595151ms)
✔ MEMORY -> fresh SQL: interleaving, as-of cuts, Current tail, fencing, revoke, submitting and ambiguity (10292.770678ms)
✔ SQL whole invocation pinned: replace (1967.492607ms)
✔ SQL whole invocation pinned: nested (2013.131403ms)
✔ SQL whole invocation pinned: retry (1973.230768ms)
✔ SQL whole invocation pinned: fence (2018.936076ms)
✔ SQL whole invocation pinned: intent (1999.733185ms)
✔ SQL whole invocation pinned: during-submit (2165.081646ms)
✔ SQL rejects accessor invocation intent without reading getter (812.072399ms)
✔ SQL rejects accessor invocation attempt without reading getter (760.320285ms)
✔ SQL rejects accessor invocation fence without reading getter (747.870957ms)
✔ SQL rejects accessor invocation retry without reading getter (761.395948ms)
✔ SQL command captured before queue and journal uses same deep command (913.209292ms)
✔ SQL canonical and reconstruction queries capture before await (927.446509ms)
✔ SQL -> fresh MEMORY: interleaving, as-of cuts, Current tail, fencing, revoke, submitting and ambiguity (10739.17658ms)
✔ SQL -> fresh SQL: interleaving, as-of cuts, Current tail, fencing, revoke, submitting and ambiguity (16358.293814ms)
ℹ tests 54
ℹ suites 0
ℹ pass 54
ℹ fail 0
ℹ cancelled 0
ℹ skipped 0
ℹ todo 0
ℹ duration_ms 68442.397177
