✔ MEMORY trusted actual adapter + A3 + one-time durable ReleaseAttempt owns one release (1666.098274ms)
✔ MEMORY canonical revocation wins before bound adapter dispatch (352.39472ms)
✔ SQL trusted actual adapter + A3 + one-time durable ReleaseAttempt owns one release (2472.696722ms)
✔ SQL canonical revocation wins before bound adapter dispatch (1369.547033ms)
✔ trusted adapter mismatch provider_id cannot cause effect (408.727608ms)
✔ trusted adapter mismatch tool_id cannot cause effect (170.6906ms)
✔ trusted adapter mismatch operation cannot cause effect (470.010732ms)
✔ trusted adapter mismatch configuration_digest cannot cause effect (130.398284ms)
✔ trusted adapter mismatch capability_id cannot cause effect (133.10561ms)
✔ trusted adapter mismatch qualification_id cannot cause effect (125.514818ms)
✔ trusted adapter mismatch credential_boundary cannot cause effect (383.981514ms)
✔ qualification change across preflight denies dispatch without blind retry (692.896783ms)
✔ wrong principal/foreign capability repository cannot wire release service (158.281349ms)
✔ mutable request cannot change candidate across first await (90.380289ms)
✔ Current drift during interpretation holds rather than returned mixed state (91.715715ms)
✔ evaluator configuration drift after await invalidates outputs (37.489727ms)
✔ MEMORY → fresh MEMORY exact B5 reconstruction, historical cuts, then continued writes (281.099656ms)
✔ MEMORY → fresh SQL exact B5 reconstruction, historical cuts, then continued writes (1020.366546ms)
✔ SQL → fresh MEMORY exact B5 reconstruction, historical cuts, then continued writes (1089.610831ms)
✔ SQL → fresh SQL exact B5 reconstruction, historical cuts, then continued writes (1764.355101ms)
✔ direct provider adapter submission cannot forge or reuse a dispatch permit (127.73001ms)
✔ provider identity and permitted disclosure recipient must agree after A3 PASS (381.474342ms)
✔ MEMORY Canonical Dense Wire exact roundtrip and nondestructive receipt (350.91398ms)
✔ SQL Canonical Dense Wire exact roundtrip and nondestructive receipt (1833.950913ms)
✔ Dense cannot omit required meaning schema_version (64.647188ms)
✔ Dense cannot omit required meaning profile (67.43393ms)
✔ Dense cannot omit required meaning vocabulary (68.258118ms)
✔ Dense cannot omit required meaning message (71.453298ms)
✔ Dense cannot omit required meaning occurrence (48.770222ms)
✔ Dense cannot omit required meaning actor (49.0277ms)
✔ Dense cannot omit required meaning principal (50.530852ms)
✔ Dense cannot omit required meaning sponsor (47.595438ms)
✔ Dense cannot omit required meaning object_refs (50.77843ms)
✔ Dense cannot omit required meaning base_refs (53.347008ms)
✔ Dense cannot omit required meaning transition (47.159363ms)
✔ Dense cannot omit required meaning epistemic (47.533315ms)
✔ Dense cannot omit required meaning evidence_refs (46.763704ms)
✔ Dense cannot omit required meaning provenance_refs (48.217782ms)
✔ Dense cannot omit required meaning privacy_refs (42.603669ms)
✔ Dense cannot omit required meaning authority_refs (47.933425ms)
✔ Dense cannot omit required meaning relations (43.686536ms)
✔ Dense cannot omit required meaning temporal (52.104475ms)
✔ Dense cannot omit required meaning consequence (62.058814ms)
✔ Dense cannot omit required meaning unresolved_debt (59.09687ms)
✔ Dense cannot omit required meaning return_destination (85.008549ms)
✔ Dense cannot omit required meaning assurance (77.917056ms)
✔ Dense cannot omit required meaning loss (76.163522ms)
✔ Dense cannot omit required meaning required_extensions (72.930376ms)
✔ Dense cannot omit required meaning optional_extensions (71.248148ms)
✔ ICCP send rejects profile (58.416508ms)
✔ ICCP send rejects vocabulary (40.717636ms)
✔ ICCP send rejects schema_version (43.879675ms)
✔ ICCP send rejects loss (51.432331ms)
✔ ICCP send rejects required_extensions (87.707238ms)
✔ ICCP send rejects assurance (80.989762ms)
✔ ICCP send rejects principal (66.718769ms)
✔ ICCP send rejects return_destination (80.417833ms)
✔ ICCP receive rejects wire event_id (40.584941ms)
✔ ICCP receive rejects wire payload (40.247389ms)
✔ ICCP receive rejects wire integrity_digest (41.125037ms)
✔ ICCP receive rejects wire semantic_digest (53.317914ms)
✔ ICCP receive rejects wire attempt (43.13027ms)
✔ ICCP receive rejects wire destination (67.621771ms)
✔ ICCP receive rejects wire expires_at (53.332977ms)
✔ ICCP receive rejects wire recorded_at (50.393671ms)
✔ ICCP receive rejects wire idempotency_key (53.633898ms)
✔ ICCP receive rejects wire message (59.638789ms)
✔ ICCP receive rejects wire occurrence (53.377002ms)
✔ ICCP receive rejects wire source (50.738839ms)
✔ ICCP disclosure disclose DENY cannot be bypassed by Dense (153.651204ms)
✔ ICCP disclosure disclose UNKNOWN cannot be bypassed by Dense (197.074013ms)
✔ ICCP disclosure use DENY cannot be bypassed by Dense (164.984274ms)
✔ ICCP disclosure use UNKNOWN cannot be bypassed by Dense (212.512314ms)
✔ ICCP disclosure minimum_necessary DENY cannot be bypassed by Dense (168.376815ms)
✔ ICCP disclosure minimum_necessary UNKNOWN cannot be bypassed by Dense (220.973219ms)
✔ unknown optional extension retained byte-exact; required unknown HOLD; canonical fallback (212.894369ms)
✔ repeated delivery attempts are one causal experience, zero controls/effects (194.566631ms)
✔ fresh configuration supersedes required base reference, expired wire cannot resurrect it (77.507161ms)
✔ N1/N2 observation is bound to exact configuration; no diagnosis/Current/control (414.109592ms)
✔ same occurrence cannot change canonical meaning under a fresh valid integrity hash (107.543972ms)
✔ Dense cannot reorder directional relations or strip causal semantics (39.762131ms)
✔ nervous-system observation cannot turn PROPOSED_DELTA into control (103.804374ms)
✔ MEMORY qualified functional evidence and separate retention; no Current/authority (220.248153ms)
✔ SQL qualified functional evidence and separate retention; no Current/authority (1693.663472ms)
✔ qualified evidence cannot override retain:DENY (159.246701ms)
✔ qualified evidence cannot override retain:UNKNOWN (163.877938ms)
✔ qualified evidence cannot override use:DENY (156.721007ms)
✔ qualified evidence cannot override use:UNKNOWN (168.783187ms)
✔ qualified evidence cannot override minimum_necessary:DENY (224.812775ms)
✔ qualified evidence cannot override minimum_necessary:UNKNOWN (176.904121ms)
✔ perception total privacy binding recipient (133.433933ms)
✔ perception total privacy binding purpose (194.288554ms)
✔ perception total privacy binding classification (215.436347ms)
✔ perception total privacy binding payload_digest (177.843135ms)
✔ perception total privacy binding allowed_fields (191.613394ms)
✔ perception total privacy binding retention_until (138.847386ms)
✔ perception total privacy binding reuse (127.609934ms)
✔ perception total privacy binding transfer (123.87868ms)
✔ perception total privacy binding source_refs (127.183825ms)
✔ EPHEMERAL_WORKING cannot persist despite ALLOW retention (212.445194ms)
✔ wrong/stale observation cannot borrow another qualified claim (108.350173ms)
✔ worker result is evidence candidate, never inferred true or canonical (149.851281ms)
✔ MEMORY actual population/config qualification and routing is zero authority (328.070299ms)
✔ MEMORY actual executor compares positive/negative outputs against canonical population (47.52353ms)
✔ SQL actual population/config qualification and routing is zero authority (1920.781396ms)
✔ SQL actual executor compares positive/negative outputs against canonical population (1328.886195ms)
✔ qualification rejects foreign subject (70.858553ms)
✔ qualification rejects foreign config (64.298419ms)
✔ qualification rejects role (50.930198ms)
✔ qualification rejects capability (49.902794ms)
✔ qualification rejects procedure (48.868721ms)
✔ qualification rejects procedure version (48.16931ms)
✔ qualification rejects demoted (50.427793ms)
✔ qualification rejects unknown (50.745139ms)
✔ qualification rejects limitation (49.263383ms)
✔ qualification rejects missing roster (58.102491ms)
✔ qualification rejects duplicate roster (61.828298ms)
✔ qualification rejects future population (54.904888ms)
✔ qualification rejects extra coord (53.88122ms)
✔ material configuration invalidates prior claims model_version (51.550709ms)
✔ material configuration invalidates prior claims context_digest (47.604662ms)
✔ material configuration invalidates prior claims harness_version (47.676259ms)
✔ material configuration invalidates prior claims revision (47.637681ms)
✔ material configuration invalidates prior claims provider_id (79.801387ms)
✔ material configuration invalidates prior claims role (51.336096ms)
✔ material configuration invalidates prior claims tools (64.200161ms)
✔ material configuration invalidates prior claims permissions (56.9304ms)
✔ material configuration invalidates prior claims status (42.5509ms)
✔ material configuration invalidates prior claims availability (44.353538ms)
✔ material configuration invalidates prior claims successor_of (51.555236ms)
✔ actual observation rejects subject (81.295151ms)
✔ actual observation rejects configuration_digest (89.913918ms)
✔ actual observation rejects population_digest (62.173366ms)
✔ actual observation rejects case_digest (67.805988ms)
✔ actual observation rejects output (82.11607ms)
✔ actual observation rejects case_id (67.893379ms)
✔ actual observation rejects qualification_id (75.886732ms)
✔ actual observation rejects evidence_refs (102.114726ms)
✔ actual observation rejects source_class (109.253103ms)
✔ eligibility rejects unmet tools (79.828638ms)
✔ eligibility rejects unmet permissions (52.983401ms)
✔ eligibility rejects unmet modalities (67.205905ms)
✔ eligibility rejects unmet privacy_classes (70.333424ms)
✔ eligibility rejects unmet risk_classes (83.818206ms)
✔ eligibility rejects unmet context_digest (62.792366ms)
✔ eligibility rejects unmet runtime_placements (69.379055ms)
✔ eligibility rejects unmet providers_denied (63.572818ms)
✔ eligibility rejects unmet min_reasoning_class (63.338356ms)
✔ eligibility rejects unmet max_reasoning_class (64.382536ms)
✔ eligibility rejects unmet max_cost_minor (65.915327ms)
✔ eligibility rejects unmet max_latency_ms (65.48143ms)
✔ eligibility rejects unmet max_resource_units (66.592274ms)
✔ eligibility rejects unmet max_attention_units (60.929167ms)
✔ eligibility rejects unmet min_reliability_ppm (64.695736ms)
✔ eligibility rejects unmet dimensions (49.439087ms)
✔ qualification privacy use DENY blocks ranking (77.341582ms)
✔ qualification privacy use UNKNOWN blocks ranking (78.295365ms)
✔ benchmarks alone cannot satisfy actual task + negative coverage (52.899536ms)
✔ canonical tail preserves qualification; later Current invalidates and historical cut remains exact (123.860161ms)
✔ cheapest sufficient precedes latency; incapable cheap candidate never ranked; deterministic ties (478.360359ms)
✔ cognition modes/provider substitution preserve principal, personality and authority (272.882231ms)
✔ NaN, fractional, negative and infinite metabolism is rejected (22.698858ms)
✔ qualification time expired (57.0862ms)
✔ qualification time future_observation (87.16277ms)
✔ qualification time revoked (57.459555ms)
✔ qualification time review_due (52.413175ms)
✔ common procedure loading binds canonical version + provider; grants no tools (190.133287ms)
✔ canonical capability cannot be omitted, swapped, or reduced to a qualification badge (93.365403ms)
✔ canonical tool/privacy/permission requirements cannot be narrowed by route request (101.430754ms)
✔ UNKNOWN/conflicted/stale qualification Current cannot create functional truth (157.587457ms)
✔ actual evaluator failure is evidence/UNKNOWN, never automatic admission (55.444899ms)
ℹ tests 171
ℹ suites 0
ℹ pass 171
ℹ fail 0
ℹ cancelled 0
ℹ skipped 0
ℹ todo 0
ℹ duration_ms 13687.323215
