✔ MEMORY two independently verified mandatory obligations close only together (6850.668301ms)
✔ SQL two independently verified mandatory obligations close only together (11392.355599ms)
✔ MEMORY partial landed state needs verified compensation and subsequent positive absence before one retry (14718.679989ms)
✔ MEMORY genuine prospective prediction binds to preparation prefix; backdated later append is rejected (2325.574393ms)
✔ SQL partial landed state needs verified compensation and subsequent positive absence before one retry (17302.540727ms)
✔ SQL genuine prospective prediction binds to preparation prefix; backdated later append is rejected (3803.182751ms)
✔ MEMORY RELEASED_SUBMITTED source verification EFFECT_VERIFIED (2466.905705ms)
✔ MEMORY RELEASED_SUBMITTED source verification NO_EFFECT_VERIFIED (1885.471551ms)
✔ MEMORY RELEASED_SUBMITTED source verification PARTIAL_EFFECT (1683.204611ms)
✔ MEMORY RELEASED_SUBMITTED source verification AMBIGUOUS_EFFECT (1533.365653ms)
✔ MEMORY RELEASED_SUBMITTED source verification CONFLICTED_EFFECT (1916.91388ms)
✔ MEMORY RELEASED_SUBMITTED source verification UNAVAILABLE_READBACK (1710.682193ms)
✔ MEMORY RELEASED_SUBMITTED source verification UNKNOWN (1600.251928ms)
✔ MEMORY SUBMITTING source verification EFFECT_VERIFIED (1369.668023ms)
✔ MEMORY SUBMITTING source verification NO_EFFECT_VERIFIED (1427.766133ms)
✔ MEMORY SUBMITTING source verification PARTIAL_EFFECT (1646.691369ms)
✔ MEMORY SUBMITTING source verification AMBIGUOUS_EFFECT (1461.001187ms)
✔ MEMORY SUBMITTING source verification CONFLICTED_EFFECT (1460.82045ms)
✔ MEMORY SUBMITTING source verification UNAVAILABLE_READBACK (1575.97376ms)
✔ MEMORY SUBMITTING source verification UNKNOWN (1813.350631ms)
✔ MEMORY AMBIGUOUS_SUBMISSION source verification EFFECT_VERIFIED (1951.126515ms)
✔ MEMORY AMBIGUOUS_SUBMISSION source verification NO_EFFECT_VERIFIED (1469.639901ms)
✔ MEMORY AMBIGUOUS_SUBMISSION source verification PARTIAL_EFFECT (1020.833562ms)
✔ MEMORY AMBIGUOUS_SUBMISSION source verification AMBIGUOUS_EFFECT (843.61974ms)
✔ MEMORY AMBIGUOUS_SUBMISSION source verification CONFLICTED_EFFECT (741.255602ms)
✔ MEMORY AMBIGUOUS_SUBMISSION source verification UNAVAILABLE_READBACK (738.067474ms)
✔ MEMORY AMBIGUOUS_SUBMISSION source verification UNKNOWN (1097.386427ms)
✔ MEMORY readback boundary rejects (o    )=>{o.operation_digest=digest('foreign');} (481.536966ms)
✔ MEMORY readback boundary rejects (o    )=>{o.intent.id='foreign';} (652.510607ms)
✔ MEMORY readback boundary rejects (o    )=>{o.principal.id='foreign';} (762.757595ms)
✔ MEMORY readback boundary rejects (o    )=>{o.occurrence.id='foreign';} (881.951937ms)
✔ MEMORY readback boundary rejects (o    )=>{o.configuration_digest=digest('foreign');} (573.801895ms)
✔ MEMORY readback boundary rejects (o    )=>{o.scope_refs=['foreign'];} (693.009689ms)
✔ MEMORY readback boundary rejects (o    )=>{o.observed_at=T1;} (516.820903ms)
✔ MEMORY readback boundary rejects (o    )=>{o.settled_through='2028-01-01T00:00:00.000Z';} (628.600256ms)
✔ MEMORY readback boundary rejects (o    )=>{o.entries[0].provider_call_id='foreign';} (703.376851ms)
✔ MEMORY readback boundary rejects (o    )=>{o.entries[0].occurrence.id='foreign';} (675.426767ms)
✔ MEMORY readback boundary rejects (o    )=>{o.entries.push(o.entries[0]);} (530.577173ms)
✔ MEMORY readback boundary rejects (o    )=>{o.exhaustive=null;} (435.684469ms)
✔ MEMORY readback boundary rejects (o    )=>{o.extra=true;} (408.572853ms)
✔ MEMORY readback boundary rejects (o    )=>{Object.defineProperty(o,'exhaustive',{enumerable:true,get(){throw Error('DO_NOT_READ_GETTER');}});} (481.177936ms)
✔ MEMORY mismatch is not absence; qualified correction is explicit and preserved (1340.153879ms)
✔ MEMORY invocation capture and source/Current mutation during await fail closed (992.076822ms)
✔ MEMORY private/unknown/unqualified source cannot probe or verify (703.886ms)
✔ MEMORY positive absence + explicit policy + full B3 revalidation permits exactly one retry (2182.168205ms)
✔ SQL RELEASED_SUBMITTED source verification EFFECT_VERIFIED (3385.799601ms)
✔ SQL RELEASED_SUBMITTED source verification NO_EFFECT_VERIFIED (1967.237113ms)
✔ SQL RELEASED_SUBMITTED source verification PARTIAL_EFFECT (1672.586449ms)
✔ SQL RELEASED_SUBMITTED source verification AMBIGUOUS_EFFECT (1653.066916ms)
✔ SQL RELEASED_SUBMITTED source verification CONFLICTED_EFFECT (1738.979771ms)
✔ SQL RELEASED_SUBMITTED source verification UNAVAILABLE_READBACK (1556.923486ms)
✔ SQL RELEASED_SUBMITTED source verification UNKNOWN (1651.469056ms)
✔ SQL SUBMITTING source verification EFFECT_VERIFIED (1370.523662ms)
✔ SQL SUBMITTING source verification NO_EFFECT_VERIFIED (1654.266875ms)
✔ SQL SUBMITTING source verification PARTIAL_EFFECT (1513.249184ms)
✔ SQL SUBMITTING source verification AMBIGUOUS_EFFECT (1382.816955ms)
✔ SQL SUBMITTING source verification CONFLICTED_EFFECT (1290.935802ms)
✔ SQL SUBMITTING source verification UNAVAILABLE_READBACK (1427.213807ms)
✔ SQL SUBMITTING source verification UNKNOWN (1633.321616ms)
✔ SQL AMBIGUOUS_SUBMISSION source verification EFFECT_VERIFIED (1572.653417ms)
✔ SQL AMBIGUOUS_SUBMISSION source verification NO_EFFECT_VERIFIED (1550.76577ms)
✔ SQL AMBIGUOUS_SUBMISSION source verification PARTIAL_EFFECT (1496.973278ms)
✔ SQL AMBIGUOUS_SUBMISSION source verification AMBIGUOUS_EFFECT (1389.415385ms)
✔ SQL AMBIGUOUS_SUBMISSION source verification CONFLICTED_EFFECT (1418.894772ms)
✔ SQL AMBIGUOUS_SUBMISSION source verification UNAVAILABLE_READBACK (1418.339643ms)
✔ SQL AMBIGUOUS_SUBMISSION source verification UNKNOWN (1400.018805ms)
✔ SQL readback boundary rejects (o    )=>{o.operation_digest=digest('foreign');} (1335.401509ms)
✔ SQL readback boundary rejects (o    )=>{o.intent.id='foreign';} (1317.220217ms)
✔ SQL readback boundary rejects (o    )=>{o.principal.id='foreign';} (1406.605115ms)
✔ SQL readback boundary rejects (o    )=>{o.occurrence.id='foreign';} (1272.77123ms)
✔ SQL readback boundary rejects (o    )=>{o.configuration_digest=digest('foreign');} (1340.858499ms)
✔ SQL readback boundary rejects (o    )=>{o.scope_refs=['foreign'];} (1316.025813ms)
✔ SQL readback boundary rejects (o    )=>{o.observed_at=T1;} (1344.977344ms)
✔ SQL readback boundary rejects (o    )=>{o.settled_through='2028-01-01T00:00:00.000Z';} (1306.996469ms)
✔ SQL readback boundary rejects (o    )=>{o.entries[0].provider_call_id='foreign';} (1392.023945ms)
✔ SQL readback boundary rejects (o    )=>{o.entries[0].occurrence.id='foreign';} (1330.964886ms)
✔ SQL readback boundary rejects (o    )=>{o.entries.push(o.entries[0]);} (1312.784555ms)
✔ SQL readback boundary rejects (o    )=>{o.exhaustive=null;} (1321.496868ms)
✔ SQL readback boundary rejects (o    )=>{o.extra=true;} (1330.899161ms)
✔ SQL readback boundary rejects (o    )=>{Object.defineProperty(o,'exhaustive',{enumerable:true,get(){throw Error('DO_NOT_READ_GETTER');}});} (1318.233616ms)
✔ SQL mismatch is not absence; qualified correction is explicit and preserved (1875.179458ms)
✔ SQL invocation capture and source/Current mutation during await fail closed (1609.70717ms)
✔ SQL private/unknown/unqualified source cannot probe or verify (1230.102386ms)
✔ SQL positive absence + explicit policy + full B3 revalidation permits exactly one retry (2411.053595ms)
✔ MEMORY consequential runtime circuit shares release/verifier/closure owner and never infers closure (2314.82788ms)
✔ MEMORY canonical declared effect cannot replace qualified B4 source proof (1913.769804ms)
✔ MEMORY source scan throw is no absence proof and does not mutate enforcement (749.640875ms)
✔ MEMORY scan configuration drift across await cannot produce proof (843.317517ms)
✔ MEMORY checkpoint resume rechecks its whole snapshot after async Current lookup (2130.122105ms)
✔ SQL consequential runtime circuit shares release/verifier/closure owner and never infers closure (6189.230348ms)
✔ SQL canonical declared effect cannot replace qualified B4 source proof (4550.8439ms)
✔ SQL source scan throw is no absence proof and does not mutate enforcement (4958.582485ms)
✔ SQL scan configuration drift across await cannot produce proof (3835.970586ms)
✔ SQL checkpoint resume rechecks its whole snapshot after async Current lookup (4702.825963ms)
✔ legacy fixture equality/inequality and retry labels cannot manufacture source verification (2.999166ms)
✔ MEMORY complete effects do not infer closure; closure is atomic, canonical and one-time (3903.614746ms)
✔ MEMORY closure rejects omitted-mandatory without partial lifecycle mutation (1500.050135ms)
✔ MEMORY closure rejects unrelated-intent without partial lifecycle mutation (1202.032716ms)
✔ MEMORY closure rejects unproven-criterion without partial lifecycle mutation (972.912293ms)
✔ MEMORY closure rejects wrong-purpose without partial lifecycle mutation (778.061359ms)
✔ MEMORY closure rejects stale-contract without partial lifecycle mutation (780.376252ms)
✔ MEMORY closure rejects terminal-root without partial lifecycle mutation (1064.823087ms)
✔ MEMORY closure rejects unresolved-resolution without partial lifecycle mutation (823.136554ms)
✔ MEMORY separately discovered mandatory obligation prevents omitted-roster closure (1317.176153ms)
✔ MEMORY concurrent closure has one durable reconciliation (2401.32239ms)
✔ MEMORY qualified checkpoint reconstructs exact payload and permits only active successor (3112.57948ms)
✔ MEMORY checkpoint rejects unresolved-effect (899.756434ms)
✔ MEMORY checkpoint rejects payload-drift (769.711475ms)
✔ MEMORY checkpoint rejects qualification-drift (734.45592ms)
✔ MEMORY checkpoint rejects stale-owner (904.966309ms)
✔ MEMORY checkpoint rejects expired (1168.760132ms)
✔ MEMORY checkpoint rejects effectful-replay (1060.734246ms)
✔ MEMORY effectful checkpoint requires explicit reconciliation on resume (1541.34374ms)
✔ MEMORY verified projection has distinct occurrence identity, exact source versions and conserved content (1934.420662ms)
✔ MEMORY recovery and projection fail closed on empty-scope (1614.408936ms)
✔ MEMORY recovery and projection fail closed on dependency-version (1199.177464ms)
✔ MEMORY recovery and projection fail closed on expired-claim (981.967779ms)
✔ MEMORY recovery and projection fail closed on privacy-denied (862.540185ms)
✔ MEMORY recovery and projection fail closed on unknown-Current (973.133434ms)
✔ MEMORY retry is revalidated at durable release after revoke (1622.50903ms)
✔ MEMORY retry is revalidated at durable release after source (1333.902643ms)
✔ MEMORY retry is revalidated at durable release after policy (1387.46504ms)
✔ MEMORY retry is revalidated at durable release after expire (1232.82837ms)
✔ MEMORY retry is revalidated at durable release after transfer (1342.251982ms)
✔ MEMORY prospective prediction must predate release preparation; synthetic stays synthetic (929.146949ms)
✔ SQL complete effects do not infer closure; closure is atomic, canonical and one-time (5258.6481ms)
✔ SQL closure rejects omitted-mandatory without partial lifecycle mutation (2451.422798ms)
✔ SQL closure rejects unrelated-intent without partial lifecycle mutation (1927.156531ms)
✔ SQL closure rejects unproven-criterion without partial lifecycle mutation (1769.947526ms)
✔ SQL closure rejects wrong-purpose without partial lifecycle mutation (1757.716583ms)
✔ SQL closure rejects stale-contract without partial lifecycle mutation (1887.315525ms)
✔ SQL closure rejects terminal-root without partial lifecycle mutation (1703.30055ms)
✔ SQL closure rejects unresolved-resolution without partial lifecycle mutation (1828.925316ms)
✔ SQL separately discovered mandatory obligation prevents omitted-roster closure (1500.260384ms)
✔ SQL concurrent closure has one durable reconciliation (1869.914979ms)
✔ SQL qualified checkpoint reconstructs exact payload and permits only active successor (2584.026792ms)
✔ SQL checkpoint rejects unresolved-effect (1467.530538ms)
✔ SQL checkpoint rejects payload-drift (1644.941325ms)
✔ SQL checkpoint rejects qualification-drift (1654.954349ms)
✔ SQL checkpoint rejects stale-owner (1531.791747ms)
✔ SQL checkpoint rejects expired (1465.021519ms)
✔ SQL checkpoint rejects effectful-replay (1599.091378ms)
✔ SQL effectful checkpoint requires explicit reconciliation on resume (1824.826689ms)
✔ SQL verified projection has distinct occurrence identity, exact source versions and conserved content (1830.845262ms)
✔ SQL recovery and projection fail closed on empty-scope (1443.267182ms)
✔ SQL recovery and projection fail closed on dependency-version (1398.445257ms)
✔ SQL recovery and projection fail closed on expired-claim (1400.75317ms)
✔ SQL recovery and projection fail closed on privacy-denied (1378.768111ms)
✔ SQL recovery and projection fail closed on unknown-Current (1466.756136ms)
✔ SQL retry is revalidated at durable release after revoke (1972.589642ms)
✔ SQL retry is revalidated at durable release after source (1803.102103ms)
✔ SQL retry is revalidated at durable release after policy (1842.210243ms)
✔ SQL retry is revalidated at durable release after expire (1774.532437ms)
✔ SQL retry is revalidated at durable release after transfer (1983.752359ms)
✔ SQL prospective prediction must predate release preparation; synthetic stays synthetic (1600.728212ms)
✔ MEMORY -> fresh MEMORY: B4 interleaving, proof materialization, historical cuts, successor, revocation and canonical tail (17940.584683ms)
✔ MEMORY -> fresh SQL: B4 interleaving, proof materialization, historical cuts, successor, revocation and canonical tail (22922.451897ms)
✔ SQL -> fresh MEMORY: B4 interleaving, proof materialization, historical cuts, successor, revocation and canonical tail (10965.801218ms)
✔ SQL -> fresh SQL: B4 interleaving, proof materialization, historical cuts, successor, revocation and canonical tail (9390.244982ms)
✔ SQL effect proof and canonical materialization rollback together on failed insert (1928.384709ms)
✔ MEMORY pending or unknown dispatch finality cannot prove positive absence or authorize retry (980.531272ms)
✔ SQL pending or unknown dispatch finality cannot prove positive absence or authorize retry (1916.989686ms)
✔ MEMORY source qualification rejects operation before any probe (1121.945193ms)
✔ MEMORY source qualification rejects effect-class before any probe (859.352509ms)
✔ MEMORY source qualification rejects scope before any probe (978.526181ms)
✔ MEMORY source qualification rejects privacy-purpose before any probe (996.538759ms)
✔ MEMORY source qualification rejects no-observation before any probe (917.695849ms)
✔ MEMORY source qualification rejects review-due before any probe (860.873393ms)
✔ MEMORY source qualification rejects expired before any probe (845.683616ms)
✔ MEMORY source qualification rejects unqualified before any probe (769.16207ms)
✔ MEMORY source qualification rejects unknown-class before any probe (811.667896ms)
✔ MEMORY source qualification rejects unknown-contract before any probe (878.147636ms)
✔ MEMORY Current relevance UNKNOWN is no private-read permission (1214.856235ms)
✔ SQL source qualification rejects operation before any probe (5189.049646ms)
✔ SQL source qualification rejects effect-class before any probe (3884.25735ms)
✔ SQL source qualification rejects scope before any probe (3222.123455ms)
✔ SQL source qualification rejects privacy-purpose before any probe (2954.463108ms)
✔ SQL source qualification rejects no-observation before any probe (1706.394071ms)
✔ SQL source qualification rejects review-due before any probe (1653.011835ms)
✔ SQL source qualification rejects expired before any probe (3257.054816ms)
✔ SQL source qualification rejects unqualified before any probe (2186.849646ms)
✔ SQL source qualification rejects unknown-class before any probe (2391.666517ms)
✔ SQL source qualification rejects unknown-contract before any probe (3023.606662ms)
✔ SQL Current relevance UNKNOWN is no private-read permission (2412.165807ms)
✔ MEMORY unknown required-root semantics survive projection and block recovery admission (1135.008546ms)
✔ SQL unknown required-root semantics survive projection and block recovery admission (2141.033714ms)
ℹ tests 186
ℹ suites 0
ℹ pass 186
ℹ fail 0
ℹ cancelled 0
ℹ skipped 0
ℹ todo 0
ℹ duration_ms 105568.295892
