▶ MEMORY total A3 independent field matrix
  ✔ binding.intent (66.962583ms)
  ✔ binding.principal (57.170095ms)
  ✔ binding.sponsor (74.6467ms)
  ✔ binding.grantee (78.410854ms)
  ✔ binding.incarnation (95.733696ms)
  ✔ binding.objective (80.084965ms)
  ✔ binding.obligation (64.685876ms)
  ✔ binding.work_episode (67.227913ms)
  ✔ binding.causal_episode (64.936132ms)
  ✔ binding.occurrence (66.72031ms)
  ✔ binding.authority_domain (129.283761ms)
  ✔ binding.authority_generation (90.82741ms)
  ✔ binding.authority_policy_id (89.345051ms)
  ✔ binding.authority_policy_version (94.370166ms)
  ✔ binding.privacy_policy_id (96.156991ms)
  ✔ binding.privacy_policy_version (100.320951ms)
  ✔ binding.delegation_digest (97.338057ms)
  ✔ binding.lease_id (102.397363ms)
  ✔ binding.purpose (109.440891ms)
  ✔ binding.object_refs (115.590646ms)
  ✔ binding.resource_refs (125.807284ms)
  ✔ binding.capability_id (128.427554ms)
  ✔ binding.qualification_id (130.889084ms)
  ✔ binding.configuration_digest (143.806552ms)
  ✔ binding.role (136.678107ms)
  ✔ binding.tool_id (161.237166ms)
  ✔ binding.operation (153.983451ms)
  ✔ binding.effect_class (232.258451ms)
  ✔ binding.consequence_class (222.937319ms)
  ✔ binding.value (166.330843ms)
  ✔ binding.resources (189.573253ms)
  ✔ binding.privacy (174.881998ms)
  ✔ binding.retry_class (197.33386ms)
  ✔ binding.idempotency_key (220.632309ms)
  ✔ binding.operation_digest (219.511518ms)
  ✔ permission:DENY (233.822462ms)
  ✔ permission:UNKNOWN (239.304368ms)
  ✔ worker_status:DENY (235.731773ms)
  ✔ worker_status:UNKNOWN (244.432292ms)
  ✔ policy_id (248.821139ms)
  ✔ privacy_policy_id (242.8081ms)
  ✔ latest_generation (272.093419ms)
  ✔ policy_version (277.706057ms)
  ✔ privacy_policy_version (286.813948ms)
  ✔ qualification.qualification_id (361.616209ms)
  ✔ qualification.configuration_digest (311.657009ms)
  ✔ qualification.role (286.344768ms)
  ✔ qualification.capability_id (303.988868ms)
  ✔ qualification.tool_id (302.778307ms)
  ✔ qualification.status (342.767455ms)
  ✔ lease.lease_id (372.544483ms)
  ✔ lease.state (369.04604ms)
  ✔ lease.generation (352.783851ms)
  ✔ privacy_permission.retain:DENY (366.226797ms)
  ✔ privacy_permission.retain:UNKNOWN (315.416971ms)
  ✔ privacy_permission.use:DENY (327.848434ms)
  ✔ privacy_permission.use:UNKNOWN (363.520121ms)
  ✔ privacy_permission.disclose:DENY (407.182465ms)
  ✔ privacy_permission.disclose:UNKNOWN (383.127122ms)
  ✔ privacy_permission.minimum_necessary:DENY (394.389755ms)
  ✔ privacy_permission.minimum_necessary:UNKNOWN (450.296752ms)
  ✔ temporal:expired (421.137108ms)
  ✔ temporal:future (470.648146ms)
  ✔ temporal:future_recorded (520.532696ms)
  ✔ temporal:future_observed (482.062027ms)
  ✔ temporal:revoked (422.248156ms)
  ✔ temporal:superseded (464.261521ms)
  ✔ temporal:unbounded (538.657097ms)
  ✔ temporal:unobserved (453.205183ms)
  ✔ temporal:future_occurrence (467.690697ms)
  ✔ worker_temporal:expired (518.290137ms)
  ✔ worker_temporal:future (532.82868ms)
  ✔ worker_temporal:future_recorded (466.536453ms)
  ✔ worker_temporal:future_observed (516.807391ms)
  ✔ worker_temporal:revoked (502.855096ms)
  ✔ worker_temporal:superseded (515.937444ms)
  ✔ worker_temporal:unbounded (545.527921ms)
  ✔ worker_temporal:unobserved (646.29347ms)
  ✔ worker_temporal:future_occurrence (659.964747ms)
  ✔ lease.temporal:expired (692.169383ms)
  ✔ lease.temporal:future (656.497951ms)
  ✔ lease.temporal:future_recorded (653.481309ms)
  ✔ lease.temporal:future_observed (649.04533ms)
  ✔ lease.temporal:revoked (601.354213ms)
  ✔ lease.temporal:superseded (659.994799ms)
  ✔ lease.temporal:unbounded (600.847141ms)
  ✔ lease.temporal:unobserved (598.567313ms)
  ✔ lease.temporal:future_occurrence (610.941443ms)
  ✔ qualification.temporal:expired (619.668221ms)
  ✔ qualification.temporal:future (627.867095ms)
  ✔ qualification.temporal:future_recorded (658.221583ms)
  ✔ qualification.temporal:future_observed (662.629669ms)
  ✔ qualification.temporal:revoked (710.474853ms)
  ✔ qualification.temporal:superseded (670.458827ms)
  ✔ qualification.temporal:unbounded (685.200155ms)
  ✔ qualification.temporal:unobserved (690.699836ms)
  ✔ qualification.temporal:future_occurrence (706.76975ms)
  ✔ privacy_permission.temporal:expired (757.784278ms)
  ✔ privacy_permission.temporal:future (732.447988ms)
  ✔ privacy_permission.temporal:future_recorded (715.654234ms)
  ✔ privacy_permission.temporal:future_observed (733.857611ms)
  ✔ privacy_permission.temporal:revoked (753.517314ms)
  ✔ privacy_permission.temporal:superseded (756.469941ms)
  ✔ privacy_permission.temporal:unbounded (781.289329ms)
  ✔ privacy_permission.temporal:unobserved (787.761497ms)
  ✔ privacy_permission.temporal:future_occurrence (799.629142ms)
  ✔ delegation.0.temporal:expired (807.594954ms)
  ✔ delegation.0.temporal:future (847.356082ms)
  ✔ delegation.0.temporal:future_recorded (847.748181ms)
  ✔ delegation.0.temporal:future_observed (835.357965ms)
  ✔ delegation.0.temporal:revoked (854.237522ms)
  ✔ delegation.0.temporal:superseded (860.195279ms)
  ✔ delegation.0.temporal:unbounded (871.695909ms)
  ✔ delegation.0.temporal:unobserved (884.907124ms)
  ✔ delegation.0.temporal:future_occurrence (895.712069ms)
  ✔ release_attempt (918.608052ms)
  ✔ delegation.missing (959.185719ms)
  ✔ delegation.foreign_from (970.283406ms)
  ✔ delegation.foreign_to (964.6206ms)
  ✔ delegation.deny (921.178621ms)
  ✔ delegation.old_generation (941.112315ms)
  ✔ limits.currency (968.594079ms)
  ✔ limits.units (987.548039ms)
  ✔ qualification.review_due (994.065735ms)
  ✔ grant.future_issuance (1023.634645ms)
  ✔ lease.future_issuance (1030.907302ms)
✔ MEMORY total A3 independent field matrix (59501.185048ms)
▶ SQL total A3 independent field matrix
  ✔ binding.intent (80.64318ms)
  ✔ binding.principal (79.999363ms)
  ✔ binding.sponsor (90.335374ms)
  ✔ binding.grantee (92.501318ms)
  ✔ binding.incarnation (100.119796ms)
  ✔ binding.objective (107.072722ms)
  ✔ binding.obligation (113.461832ms)
  ✔ binding.work_episode (124.811826ms)
  ✔ binding.causal_episode (125.389925ms)
  ✔ binding.occurrence (135.544483ms)
  ✔ binding.authority_domain (146.632533ms)
  ✔ binding.authority_generation (150.462859ms)
  ✔ binding.authority_policy_id (159.673547ms)
  ✔ binding.authority_policy_version (166.1637ms)
  ✔ binding.privacy_policy_id (171.274679ms)
  ✔ binding.privacy_policy_version (177.289387ms)
  ✔ binding.delegation_digest (191.546679ms)
  ✔ binding.lease_id (199.911848ms)
  ✔ binding.purpose (203.457065ms)
  ✔ binding.object_refs (212.665341ms)
  ✔ binding.resource_refs (228.485691ms)
  ✔ binding.capability_id (236.167304ms)
  ✔ binding.qualification_id (234.88668ms)
  ✔ binding.configuration_digest (245.304764ms)
  ✔ binding.role (258.138519ms)
  ✔ binding.tool_id (270.21497ms)
  ✔ binding.operation (270.622923ms)
  ✔ binding.effect_class (282.398585ms)
  ✔ binding.consequence_class (293.902968ms)
  ✔ binding.value (302.369284ms)
  ✔ binding.resources (315.167372ms)
  ✔ binding.privacy (324.648589ms)
  ✔ binding.retry_class (327.926541ms)
  ✔ binding.idempotency_key (390.25352ms)
  ✔ binding.operation_digest (379.734638ms)
  ✔ permission:DENY (375.87103ms)
  ✔ permission:UNKNOWN (380.924396ms)
  ✔ worker_status:DENY (391.516167ms)
  ✔ worker_status:UNKNOWN (413.626624ms)
  ✔ policy_id (401.199974ms)
  ✔ privacy_policy_id (416.922448ms)
  ✔ latest_generation (428.444999ms)
  ✔ policy_version (430.105895ms)
  ✔ privacy_policy_version (441.060226ms)
  ✔ qualification.qualification_id (447.977261ms)
  ✔ qualification.configuration_digest (450.908196ms)
  ✔ qualification.role (476.247223ms)
  ✔ qualification.capability_id (478.101319ms)
  ✔ qualification.tool_id (484.274876ms)
  ✔ qualification.status (503.425014ms)
  ✔ lease.lease_id (515.82096ms)
  ✔ lease.state (520.976879ms)
  ✔ lease.generation (529.58554ms)
  ✔ privacy_permission.retain:DENY (553.060847ms)
  ✔ privacy_permission.retain:UNKNOWN (628.409149ms)
  ✔ privacy_permission.use:DENY (599.465945ms)
  ✔ privacy_permission.use:UNKNOWN (632.374558ms)
  ✔ privacy_permission.disclose:DENY (608.913502ms)
  ✔ privacy_permission.disclose:UNKNOWN (615.156193ms)
  ✔ privacy_permission.minimum_necessary:DENY (626.646199ms)
  ✔ privacy_permission.minimum_necessary:UNKNOWN (651.598746ms)
  ✔ temporal:expired (644.677349ms)
  ✔ temporal:future (636.762083ms)
  ✔ temporal:future_recorded (647.300601ms)
  ✔ temporal:future_observed (650.034669ms)
  ✔ temporal:revoked (664.038689ms)
  ✔ temporal:superseded (693.030842ms)
  ✔ temporal:unbounded (685.35035ms)
  ✔ temporal:unobserved (691.580492ms)
  ✔ temporal:future_occurrence (710.579083ms)
  ✔ worker_temporal:expired (723.75969ms)
  ✔ worker_temporal:future (761.829233ms)
  ✔ worker_temporal:future_recorded (752.882295ms)
  ✔ worker_temporal:future_observed (799.636382ms)
  ✔ worker_temporal:revoked (782.682437ms)
  ✔ worker_temporal:superseded (815.642948ms)
  ✔ worker_temporal:unbounded (811.243502ms)
  ✔ worker_temporal:unobserved (818.078332ms)
  ✔ worker_temporal:future_occurrence (828.105038ms)
  ✔ lease.temporal:expired (844.196847ms)
  ✔ lease.temporal:future (879.749859ms)
  ✔ lease.temporal:future_recorded (912.065363ms)
  ✔ lease.temporal:future_observed (966.482467ms)
  ✔ lease.temporal:revoked (931.063261ms)
  ✔ lease.temporal:superseded (940.191232ms)
  ✔ lease.temporal:unbounded (949.376691ms)
  ✔ lease.temporal:unobserved (977.812733ms)
  ✔ lease.temporal:future_occurrence (957.560509ms)
  ✔ qualification.temporal:expired (971.569772ms)
  ✔ qualification.temporal:future (974.378853ms)
  ✔ qualification.temporal:future_recorded (994.718993ms)
  ✔ qualification.temporal:future_observed (1007.827766ms)
  ✔ qualification.temporal:revoked (1061.720684ms)
  ✔ qualification.temporal:superseded (1062.943938ms)
  ✔ qualification.temporal:unbounded (1083.592873ms)
  ✔ qualification.temporal:unobserved (1066.620405ms)
  ✔ qualification.temporal:future_occurrence (1091.233354ms)
  ✔ privacy_permission.temporal:expired (1061.760841ms)
  ✔ privacy_permission.temporal:future (1128.326756ms)
  ✔ privacy_permission.temporal:future_recorded (1122.054145ms)
  ✔ privacy_permission.temporal:future_observed (1144.196225ms)
  ✔ privacy_permission.temporal:revoked (1220.267597ms)
  ✔ privacy_permission.temporal:superseded (1177.262072ms)
  ✔ privacy_permission.temporal:unbounded (1187.010943ms)
  ✔ privacy_permission.temporal:unobserved (1195.803166ms)
  ✔ privacy_permission.temporal:future_occurrence (1224.15784ms)
  ✔ delegation.0.temporal:expired (1294.167659ms)
  ✔ delegation.0.temporal:future (1287.838807ms)
  ✔ delegation.0.temporal:future_recorded (1325.718917ms)
  ✔ delegation.0.temporal:future_observed (1309.612388ms)
  ✔ delegation.0.temporal:revoked (1281.413692ms)
  ✔ delegation.0.temporal:superseded (1278.417472ms)
  ✔ delegation.0.temporal:unbounded (1293.15517ms)
  ✔ delegation.0.temporal:unobserved (1373.164406ms)
  ✔ delegation.0.temporal:future_occurrence (1402.117383ms)
  ✔ release_attempt (1378.782848ms)
  ✔ delegation.missing (1411.151105ms)
  ✔ delegation.foreign_from (1486.547235ms)
  ✔ delegation.foreign_to (1534.096426ms)
  ✔ delegation.deny (1483.608194ms)
  ✔ delegation.old_generation (1440.45971ms)
  ✔ limits.currency (1471.558472ms)
  ✔ limits.units (1489.368454ms)
  ✔ qualification.review_due (1540.634505ms)
  ✔ grant.future_issuance (1529.801366ms)
  ✔ lease.future_issuance (1557.188476ms)
✔ SQL total A3 independent field matrix (91482.048598ms)
✔ strict immutable intent missing/NULL/unknown: schema_version (0.928375ms)
✔ strict immutable intent missing/NULL/unknown: intent (0.869577ms)
✔ strict immutable intent missing/NULL/unknown: principal (0.748384ms)
✔ strict immutable intent missing/NULL/unknown: sponsor (0.807614ms)
✔ strict immutable intent missing/NULL/unknown: grantee (0.603938ms)
✔ strict immutable intent missing/NULL/unknown: incarnation (0.704279ms)
✔ strict immutable intent missing/NULL/unknown: objective (0.60567ms)
✔ strict immutable intent missing/NULL/unknown: obligation (0.806261ms)
✔ strict immutable intent missing/NULL/unknown: work_episode (0.639671ms)
✔ strict immutable intent missing/NULL/unknown: causal_episode (0.466291ms)
✔ strict immutable intent missing/NULL/unknown: occurrence (0.58597ms)
✔ strict immutable intent missing/NULL/unknown: authority_domain (0.504217ms)
✔ strict immutable intent missing/NULL/unknown: authority_generation (0.515324ms)
✔ strict immutable intent missing/NULL/unknown: authority_policy_id (0.409976ms)
✔ strict immutable intent missing/NULL/unknown: authority_policy_version (0.433641ms)
✔ strict immutable intent missing/NULL/unknown: privacy_policy_id (0.70565ms)
✔ strict immutable intent missing/NULL/unknown: privacy_policy_version (0.521343ms)
✔ strict immutable intent missing/NULL/unknown: delegation_digest (0.471879ms)
✔ strict immutable intent missing/NULL/unknown: lease_id (0.391778ms)
✔ strict immutable intent missing/NULL/unknown: purpose (0.407162ms)
✔ strict immutable intent missing/NULL/unknown: object_refs (0.471138ms)
✔ strict immutable intent missing/NULL/unknown: resource_refs (0.381613ms)
✔ strict immutable intent missing/NULL/unknown: capability_id (0.447022ms)
✔ strict immutable intent missing/NULL/unknown: qualification_id (0.454914ms)
✔ strict immutable intent missing/NULL/unknown: configuration_digest (0.42556ms)
✔ strict immutable intent missing/NULL/unknown: role (0.375805ms)
✔ strict immutable intent missing/NULL/unknown: tool_id (0.39941ms)
✔ strict immutable intent missing/NULL/unknown: operation (0.371258ms)
✔ strict immutable intent missing/NULL/unknown: arguments (0.586461ms)
✔ strict immutable intent missing/NULL/unknown: expected_effect (0.462215ms)
✔ strict immutable intent missing/NULL/unknown: effect_class (0.357727ms)
✔ strict immutable intent missing/NULL/unknown: consequence_class (0.402495ms)
✔ strict immutable intent missing/NULL/unknown: value (0.325489ms)
✔ strict immutable intent missing/NULL/unknown: resources (0.35286ms)
✔ strict immutable intent missing/NULL/unknown: privacy (0.329566ms)
✔ strict immutable intent missing/NULL/unknown: retry_class (0.361603ms)
✔ strict immutable intent missing/NULL/unknown: idempotency_key (0.403827ms)
✔ strict immutable intent missing/NULL/unknown: temporal (0.3588ms)
✔ strict immutable intent missing/NULL/unknown: evidence_refs (0.435434ms)
✔ strict immutable intent missing/NULL/unknown: provenance_refs (0.377597ms)
✔ strict immutable intent missing/NULL/unknown: operation_digest (0.371418ms)
✔ changed semantics with same intent ID must update digest but still cannot alter persisted binding (114.599585ms)
✔ minimum necessary declaration cannot substitute a different argument payload (40.011544ms)
✔ retained executor possession cannot stand for a replaced actor (39.01086ms)
✔ Current knowledge_state UNKNOWN cannot become authority (42.856038ms)
✔ Current applicability_state UNKNOWN cannot become authority (44.015831ms)
✔ Current freshness_state UNKNOWN cannot become authority (42.545552ms)
✔ Current coverage_state UNKNOWN cannot become authority (43.540647ms)
✔ public snapshot object is not a release permission (65.028737ms)
✔ MEMORY actual bounded value denial survives matching keys (38.104789ms)
✔ SQL actual bounded value denial survives matching keys (809.158731ms)
✔ MEMORY delegated denial cannot be authorized by matching digest (42.068254ms)
✔ SQL delegated denial cannot be authorized by matching digest (742.340705ms)
✔ MEMORY fresh-process PREPARED reconstruction has no inherited execution custody (838.379914ms)
✔ MEMORY fresh-process SUBMITTING reconstruction has no inherited execution custody (688.713659ms)
✔ MEMORY fresh-process RELEASED_SUBMITTED reconstruction has no inherited execution custody (846.499987ms)
✔ MEMORY fresh-process AMBIGUOUS_SUBMISSION reconstruction has no inherited execution custody (886.791147ms)
✔ MEMORY fresh-process FENCED reconstruction has no inherited execution custody (689.297242ms)
✔ MEMORY fresh-process REVOKED reconstruction has no inherited execution custody (646.510706ms)
✔ SQL fresh-process PREPARED reconstruction has no inherited execution custody (2769.634289ms)
✔ SQL fresh-process SUBMITTING reconstruction has no inherited execution custody (2077.448512ms)
✔ SQL fresh-process RELEASED_SUBMITTED reconstruction has no inherited execution custody (2201.562614ms)
✔ SQL fresh-process AMBIGUOUS_SUBMISSION reconstruction has no inherited execution custody (2014.067001ms)
✔ SQL fresh-process FENCED reconstruction has no inherited execution custody (2148.642312ms)
✔ SQL fresh-process REVOKED reconstruction has no inherited execution custody (2136.753898ms)
✔ MEMORY canonical snapshot roundtrip preserves all enforcement state and rejects tampering atomically (804.509753ms)
✔ MEMORY repeated invocation is read-only and attempt snapshots immutable (276.651046ms)
✔ MEMORY clock rollback rejects new state changes (73.981755ms)
✔ MEMORY source authority generation cannot regress behind issued lease (145.965754ms)
✔ MEMORY a distinct successor may release only with its own validated lease and Current (440.133502ms)
✔ SQL canonical snapshot roundtrip preserves all enforcement state and rejects tampering atomically (2254.219333ms)
✔ SQL repeated invocation is read-only and attempt snapshots immutable (1360.696407ms)
✔ SQL clock rollback rejects new state changes (1092.973639ms)
✔ SQL source authority generation cannot regress behind issued lease (1042.960334ms)
✔ SQL a distinct successor may release only with its own validated lease and Current (1156.071885ms)
✔ SQL imported history is atomic on injected mid-insert failure (1020.893969ms)
✔ SQL raw journal corruption blocks replay and release; append-only/gap/NULL guards reject (933.46411ms)
✔ all live release facades share one owner; fixture adapter rejects forged/replayed permits (263.18389ms)
✔ a consumed/expired process-local permit cannot cause a second fixture dispatch (201.03084ms)
✔ mismatched transport configuration fails before preflight (75.287059ms)
✔ MEMORY duplicate calls submit once and preserve immutable occurrence (1328.238551ms)
✔ MEMORY revoke-first denies prepared attempt before transport (164.0411ms)
✔ MEMORY release-first keeps submission history after revocation (344.35851ms)
✔ MEMORY successor-first fences predecessor; successor owns only its own grant (201.356527ms)
✔ MEMORY release-first then transfer permits only already-linearized submission (282.316502ms)
✔ MEMORY changed Current privacy at preflight/release boundary denies (140.331299ms)
✔ MEMORY expiry at release cut without any payload mutation denies (121.602244ms)
✔ MEMORY preflight proven failure allows explicit retry with fresh validation (300.957966ms)
✔ MEMORY preflight retry revalidates revocation and unsafe class stays blocked (215.500158ms)
✔ MEMORY possible submission timeout-before-provider never blindly retries (371.002358ms)
✔ MEMORY possible submission crash-after-provider never blindly retries (343.475627ms)
✔ MEMORY possible submission invalid-receipt never blindly retries (315.621289ms)
✔ MEMORY possible submission false-positive-no-submission-error never blindly retries (308.047834ms)
✔ MEMORY crash after durable reservation before callback is conservatively possible submission (296.650681ms)
✔ MEMORY crash while only PREPARED is safe to resume once (193.040886ms)
✔ MEMORY stale dispatch completion cannot alter another release (211.304812ms)
✔ MEMORY same idempotency key with another intent is held (224.306276ms)
✔ MEMORY compare-and-transfer race admits exactly one successor (121.901043ms)
✔ MEMORY as-of history excludes later transfer/revocation (161.614383ms)
✔ SQL duplicate calls submit once and preserve immutable occurrence (2578.35005ms)
✔ SQL revoke-first denies prepared attempt before transport (965.668171ms)
✔ SQL release-first keeps submission history after revocation (1111.092744ms)
✔ SQL successor-first fences predecessor; successor owns only its own grant (1010.727705ms)
✔ SQL release-first then transfer permits only already-linearized submission (1148.279497ms)
✔ SQL changed Current privacy at preflight/release boundary denies (971.134359ms)
✔ SQL expiry at release cut without any payload mutation denies (880.421059ms)
✔ SQL preflight proven failure allows explicit retry with fresh validation (1300.237629ms)
✔ SQL preflight retry revalidates revocation and unsafe class stays blocked (1043.502283ms)
✔ SQL possible submission timeout-before-provider never blindly retries (1146.724526ms)
✔ SQL possible submission crash-after-provider never blindly retries (1069.525641ms)
✔ SQL possible submission invalid-receipt never blindly retries (1008.493285ms)
✔ SQL possible submission false-positive-no-submission-error never blindly retries (1215.300746ms)
✔ SQL crash after durable reservation before callback is conservatively possible submission (1267.050589ms)
✔ SQL crash while only PREPARED is safe to resume once (1138.721759ms)
✔ SQL stale dispatch completion cannot alter another release (1183.055823ms)
✔ SQL same idempotency key with another intent is held (926.686349ms)
✔ SQL compare-and-transfer race admits exactly one successor (841.87225ms)
✔ SQL as-of history excludes later transfer/revocation (956.860987ms)
✔ SQL persistence failure after accepted submission leaves SUBMITTING and no retry (991.826736ms)
✔ SQL two independent repository wrappers share durable submission ownership (1020.012824ms)
✔ MEMORY proven preflight retry must consume newly revoked Current (238.802609ms)
✔ SQL proven preflight retry must consume newly revoked Current (1028.543867ms)
✔ SQL reservation rollback leaves PREPARED; safe resumption submits only once (1023.720246ms)
✔ SQL unknown response after reservation commit is reconciled rather than repeated (1040.203239ms)
ℹ tests 378
ℹ suites 0
ℹ pass 378
ℹ fail 0
ℹ cancelled 0
ℹ skipped 0
ℹ todo 0
ℹ duration_ms 153287.9078
