✔ T64 unrestricted DB mutation is forbidden (1.342116ms)
✔ T65 protocol authentication creates no IRIS/Current authority (0.284628ms)
✔ T66/T67 trusted device proves provenance only; ambient stays quarantine/noncanonical (0.276425ms)
✔ T07 full exact lease binding passes (1.314895ms)
✔ T08-T17 stale/revoked/worker/session possession cannot authorize (0.194962ms)
✔ T18 unresolved effect requires reconciliation (0.174863ms)
✔ T19 UNKNOWN authority fails closed (0.146941ms)
✔ T20 reauthorization advances generation and stale lease cannot be reused (0.136215ms)
✔ revocation advances generation (0.094882ms)
✔ retired worker cannot receive lease (0.493061ms)
✔ T68 bounded BIG packet/quarantine required (1.254544ms)
✔ T69 wrong principal excluded (0.167592ms)
✔ T70 IRIS cannot mutate BIG Current (0.097116ms)
✔ T71 BIG delta authority_effect is NONE (0.12657ms)
✔ T75 PR #1 unchanged boundary (0.092609ms)
✔ T76 candidate descends exact bee076 base (0.111648ms)
✔ T77 no live credentials provider deployment mutation (0.074913ms)
✔ T78 no Persistent Continuity activation (0.077406ms)
✔ T79 no standing authority commerce representation (0.260578ms)
✔ T80 no C4-C6 or ambient canonicalization (0.369214ms)
✔ T92 benchmark evidence alone cannot ADMIT (1.32445ms)
✔ T93 role-specific qualification cannot leak to another role (0.316065ms)
✔ T94 DEMOTED/EXPIRED is not route eligible and history remains data (0.156165ms)
✔ T89 route decision authority_effect=NONE (1.149537ms)
✔ T90 unqualified expired demoted capability cannot route (3.282661ms)
✔ T91 privacy/risk beats cheaper incompatible candidate (0.206961ms)
✔ T01/T02 identities remain distinct (2.616531ms)
✔ T03 provider cannot become worker by inference (0.565519ms)
✔ T04 trusted device is still DEVICE, not principal/truth/authority/current (0.184898ms)
✔ T05 replacement creates new identity/generation (0.224307ms)
✔ T06/T88 retired, expired, revoked workers fail closed (0.283807ms)
✔ T86 provider/model substitution does not alter institutional worker identity (0.258007ms)
✔ T87 successor worker receives new identity and no predecessor authority field exists (0.189475ms)
✔ identity ID and generation reuse rejected (0.214572ms)
✔ T24 provider session cannot become Current by runtime reconstruction (1.117399ms)
✔ T25 worker evidence path leaves canonical state unchanged (0.200141ms)
✔ T26/T27 restart reconstruction preserves objectives/obligations/unresolved effects (0.339821ms)
✔ T28 provider recovery does not equal Persistent Continuity admission (0.15336ms)
✔ T29-T32 exact AR predicates (1.435446ms)
✔ T33 overlap retains multiple predicates (0.218448ms)
✔ T34/T35/T36 informational/principal-only/satisfied negatives (0.147211ms)
✔ T37 IRIS-owned + Aaron authority positive; T38 external-owned escalation positive (0.143636ms)
✔ T39 exact canonical identity matches; T40 semantic similarity without anchor does not; T41 possible duplicate retained (0.893797ms)
✔ open decision with missing decision-maker is UNKNOWN and not omittable (0.125499ms)
✔ reserved authority without a proven valid delegation fails closed to AR-3 (0.195153ms)
✔ T55 one dependency drift reruns and stabilizes (1.535917ms)
✔ T56 repeated instability => UNKNOWN_COVERAGE (0.150346ms)
✔ load-bearing candidate change changes dependency digest (0.689165ms)
✔ exact canonical duplicates consolidate to one intervention (0.348013ms)
✔ open decision with unknown decision-maker goes to relevance UNKNOWN, never justified omission (0.669957ms)
✔ T44/T45/T46 stale, partial, missing required source => INCOMPLETE and no omission (1.722097ms)
✔ T47 unknown identity/applicability => UNKNOWN (0.241182ms)
✔ T48 required source wrong principal fails closed (0.194192ms)
✔ T42/T43/T49 material conflict prevents COMPLETE (0.173381ms)
✔ T50 all qualified conditions => COMPLETE (1.103148ms)
✔ T51 unclassifiable Aaron candidate => UNKNOWN (0.228904ms)
✔ T52/T53 omission requires all material dimensions (0.174793ms)
✔ T54 exact required source set cannot be silently narrowed away (0.220792ms)
✔ T54b caller required:false cannot narrow immutable required-source coverage (2.171583ms)
✔ T54c required applicable UNKNOWN freshness cannot produce COMPLETE or omission (0.314392ms)
✔ T54d unsupported required-source inapplicability fails closed (0.251728ms)
✔ T54e stale required-source inapplicability cannot produce COMPLETE or omission (0.235774ms)
✔ T54f partial required-source inapplicability cannot produce COMPLETE or omission (0.249004ms)
✔ T54g malformed runtime required-source shapes fail closed before completeness (1.096316ms)
✔ T55 one stabilized rerun may proceed; T56 repeated instability UNKNOWN (0.159319ms)
✔ T60 weights exactly 1/4/16/64 (1.710099ms)
✔ T57/T61 consequential miss fails; trivial omission cannot offset (0.462194ms)
✔ T58 abstention is not omission success; T59 incomplete not compression success; T62 false COMPLETE fails (0.155634ms)
✔ T63 governing reference-set scoring is not a Builder function (0.481243ms)
✔ post-E3: contextual objective does not pollute a decision intervention identity (2.359304ms)
✔ post-E3: exact duplicate obligation roots consolidate before intervention hashing (1.289186ms)
✔ post-E3: material conflict does not erase the underlying Aaron action (0.436295ms)
✔ post-E3: unresolved effect selects RECONCILE_EFFECT and preserves conflict plus intent anchors (0.349445ms)
✔ post-E3: one reserved-authority intervention may consolidate obligation decision and authority conflict (0.647533ms)
✔ post-E3: reserved authority with no proven valid delegation fails closed to Aaron-required authorization (0.193931ms)
✔ post-E3: COMPLETE requires explicit non-partial evidence for every immutable required source (0.302905ms)
✔ repository type-erased decoder cannot promote malformed required-source facts to COMPLETE (16.969532ms)
✔ repository performs real stable end-bracket comparison (2.350701ms)
✔ repository discards drifted first snapshot and reruns once (1.729738ms)
✔ repository fails UNKNOWN after second dependency instability (1.665782ms)
✔ T95 loading procedure grants no tool or authority access (4.498107ms)
✔ T96 superseded/retired/unqualified procedure rejected (0.448734ms)
✔ T97 provider substitution preserves compatibility or fails (0.204447ms)
✔ T72/T73 provider result is evidence only with zero external effect/no Current mutation (1.049336ms)
✔ T74 replacement worker preserves semantic evidence without inheriting identity (1.187454ms)
✔ T98 available sensor produces no automatic persistence (0.99847ms)
✔ T99 EPHEMERAL_WORKING expires and does not become evidence (0.157858ms)
✔ T100 unqualified observation cannot become evidence or Current (0.125899ms)
✔ T101 authenticated trusted device cannot prove Aaron identity truth authority (0.102554ms)
✔ T21 valid check/release calls fake adapter once (0.806281ms)
✔ T22 ambiguity after PREPARED requires reconciliation (0.149054ms)
✔ T08-T13 invalid generation blocks adapter (0.128233ms)
✔ T18 recovery of unknown PREPARED does not infer effect (0.110806ms)
✔ T23 cognition receives no broker credential in release-attempt shape (0.241708ms)
✔ T81 provider session disappearance leaves qualified checkpoint usable (0.97854ms)
✔ T82 tentative provider state cannot be admitted (0.195524ms)
✔ T83 replacement worker must use a new identity (0.137686ms)
✔ T84 unresolved effect survives restart (0.134672ms)
✔ T85 effectful step never blindly replays (0.130296ms)
✔ predicted preference only cannot authorize (1.281455ms)
✔ standing authorization outside scope blocked (0.42619ms)
✔ expired standing authorization blocked (0.143436ms)
✔ explicit current Aaron decision in scope allowed (0.117877ms)
✔ authority UNKNOWN blocks consequential action (0.094121ms)
✔ privacy UNKNOWN blocks disclosure (0.422114ms)
✔ MCP tool presence creates no authority (0.151388ms)
✔ prior success does not create standing authority (0.23285ms)
✔ circuit authority scope mismatch blocks before persistence and execution (1.048535ms)
✔ act authority scope mismatch independently blocks executor invocation (0.679601ms)
✔ circuit privacy scope mismatch blocks before persistence and execution (0.223295ms)
✔ act privacy scope mismatch independently blocks executor invocation (0.117437ms)
✔ circuit retry class mismatch blocks before persistence and execution (0.145278ms)
✔ act retry class mismatch independently blocks executor invocation (0.128032ms)
✔ circuit tool identity mismatch blocks before persistence and execution (0.241052ms)
✔ act tool identity mismatch independently blocks executor invocation (0.849246ms)
✔ circuit combined Professor falsifier mismatch blocks before persistence and execution (0.233591ms)
✔ act combined Professor falsifier mismatch independently blocks executor invocation (0.280311ms)
✔ matching but UNKNOWN contract authority scope still fails closed (0.51936ms)
✔ matching but UNKNOWN contract privacy scope still fails closed (0.167812ms)
✔ BIG delta imports to quarantine only (1.048906ms)
✔ BIG delta cannot mutate current assertion directly (0.235274ms)
✔ BIG credential is absent from IRIS runtime contract (0.111538ms)
✔ IRIS credential is not exposed to BIG adapter (0.130436ms)
✔ BIG Current identifier remains external reference (0.265479ms)
✔ shared provider does not imply shared canonical state (0.133741ms)
✔ C3 positive circuit closes only after verified effect and records restrained learning (5.994616ms)
✔ C3 negative control tool receipt success without effect cannot close objective (0.503396ms)
✔ evidence occurrences are immutable (1.23196ms)
✔ current advances without overwriting history (0.272779ms)
✔ derived projection is explicitly noncanonical (0.522745ms)
✔ one experience produces only candidate learning (0.610738ms)
✔ kill after THINK resumes from canonical objective/obligation (1.834837ms)
✔ kill after intent persisted preserves intent (0.302044ms)
✔ kill after tool before receipt becomes effect-unknown boundary (1.520594ms)
✔ kill after receipt before verification does not infer effect (0.251898ms)
✔ external state change while asleep forces reorientation (0.225198ms)
✔ competing continuation generations fail CAS (0.707372ms)
✔ stale workflow checkpoint cannot outrank newer canonical state (0.188934ms)
✔ tracing unavailable cannot block canonical reconstruction (0.135744ms)
✔ model provider unavailable can fall back without changing authority (0.315774ms)
✔ empty model session memory does not affect reconstruction (0.970268ms)
✔ persisted intent only requires reconciliation (0.390707ms)
✔ persisted successful receipt without verification requires reconciliation (0.263757ms)
✔ persisted intent with VERIFIED_EFFECT admits only terminal effect dispositions (0.262735ms)
✔ persisted intent with VERIFIED_NO_EFFECT admits only terminal effect dispositions (0.115093ms)
✔ persisted intent with AMBIGUOUS_EFFECT admits only terminal effect dispositions (3.464765ms)
✔ persisted intent with UNKNOWN admits only terminal effect dispositions (0.21907ms)
✔ persisted intent with CONFLICT admits only terminal effect dispositions (0.147331ms)
✔ terminal verification for another intent cannot clear an unresolved persisted intent (0.232018ms)
✔ terminal verification cannot mask a coexisting unresolved disposition (0.184647ms)
✔ confirmed no-effect plus idempotent key allows bounded retry (1.001394ms)
✔ confirmed effect means no retry (0.165548ms)
✔ ambiguous landed effect requires reconciliation (0.135714ms)
✔ non-idempotent unsafe timeout/unknown holds (0.138658ms)
✔ duplicate receipt is reconciled as stored fact rather than creating authority (0.177917ms)
✔ receipt/tool success without verified effect is not objective success (0.135434ms)
✔ cognition provider substitution leaves canonical semantics unchanged (1.12467ms)
✔ workflow runtime ref is subordinate to canonical state (0.643947ms)
✔ tracing can disappear without canonical loss (0.176926ms)
✔ replaceable provider never becomes sole owner of irreducible property (0.165669ms)
✔ fresh process R1_CLEAN_CONTINUATION (100.796349ms)
✔ fresh process R2_CURRENT_CHANGED_AFTER_INTERRUPTION (88.783523ms)
✔ fresh process R3_CONFLICTING_EVIDENCE (83.971679ms)
✔ fresh process R4_MISSING_SOURCE (84.401314ms)
✔ fresh process R5_AMBIGUOUS_EXTERNAL_EFFECT (96.081256ms)
✔ fresh process R6_OPEN_OBLIGATION_NO_CONVERSATION (98.145557ms)
✔ fresh process R7_PRESERVED_AUTHORITY_STATE (96.112592ms)
✔ fresh process R8_HISTORY_SURVIVES_NEW_CURRENT (97.231964ms)
✔ fresh process R9_INTENT_ONLY (94.369749ms)
✔ fresh process R10_RECEIPT_WITHOUT_VERIFICATION (89.760205ms)
✔ R1_CLEAN_CONTINUATION (1.61704ms)
✔ R2_CURRENT_CHANGED_AFTER_INTERRUPTION (0.201092ms)
✔ R3_CONFLICTING_EVIDENCE (0.330206ms)
✔ R4_MISSING_SOURCE (0.276185ms)
✔ R5_AMBIGUOUS_EXTERNAL_EFFECT (0.218869ms)
✔ R6_OPEN_OBLIGATION_NO_CONVERSATION (0.183356ms)
✔ R7_PRESERVED_AUTHORITY_STATE (0.150766ms)
✔ R8_HISTORY_SURVIVES_NEW_CURRENT (0.895756ms)
ℹ tests 178
ℹ suites 0
ℹ pass 178
ℹ fail 0
ℹ cancelled 0
ℹ skipped 0
ℹ todo 0
ℹ duration_ms 1579.798427
