✔ A1 distinct knowledge coordinate KNOWN (3.148707ms)
✔ A1 distinct knowledge coordinate UNKNOWN (0.192099ms)
✔ A1 distinct knowledge coordinate MISSING (0.096835ms)
✔ A1 distinct knowledge coordinate UNAVAILABLE (0.250205ms)
✔ A1 distinct knowledge coordinate CONFLICTED (0.206139ms)
✔ A1 distinct knowledge coordinate INVALID (0.118769ms)
✔ A1 distinct knowledge coordinate REJECTED (0.081452ms)
✔ A1 distinct applicability coordinate APPLICABLE (0.1134ms)
✔ A1 distinct applicability coordinate NOT_APPLICABLE_PROVEN (0.153109ms)
✔ A1 distinct applicability coordinate SATISFIED (0.23314ms)
✔ A1 distinct applicability coordinate SUPERSEDED (0.142284ms)
✔ A1 distinct applicability coordinate ABANDONED (0.076375ms)
✔ A1 distinct applicability coordinate UNKNOWN (0.058618ms)
✔ A1 distinct freshness coordinate CURRENT_AS_OF (0.117857ms)
✔ A1 distinct freshness coordinate STALE (0.064096ms)
✔ A1 distinct freshness coordinate UNKNOWN (0.053971ms)
✔ A1 distinct coverage coordinate COMPLETE_FOR_DECLARED_SCOPE (0.085839ms)
✔ A1 distinct coverage coordinate INCOMPLETE (0.10653ms)
✔ A1 distinct coverage coordinate CONFLICTED (0.087251ms)
✔ A1 distinct coverage coordinate UNKNOWN (0.089745ms)
✔ A1 missing coordinate rejected knowledge_state (0.411788ms)
✔ A1 missing coordinate rejected applicability_state (0.083626ms)
✔ A1 missing coordinate rejected freshness_state (0.079389ms)
✔ A1 missing coordinate rejected coverage_state (0.165799ms)
✔ A1 missing coordinate rejected as_of (0.088132ms)
✔ A1 missing coordinate rejected evidence_refs (0.108102ms)
✔ A1 missing coordinate rejected invalidators (0.074121ms)
✔ A1 unknown denial cannot become known false/not applicable (0.110916ms)
✔ A1 not-applicable absence is not proof (0.123356ms)
✔ A1 no casing/default/extra coordinate coercion (0.204567ms)
✔ A1 exact nonempty conserved facts produce complete coverage (0.475644ms)
✔ A1 empty scope never manufactures complete coverage (0.089935ms)
✔ A1 classification facts drive coverage UNKNOWN (0.211167ms)
✔ A1 classification facts drive coverage MISSING (0.15344ms)
✔ A1 classification facts drive coverage UNAVAILABLE (0.225108ms)
✔ A1 classification facts drive coverage CONFLICTED (0.131788ms)
✔ A1 classification facts drive coverage INVALID (0.141833ms)
✔ A1 classification facts drive coverage REJECTED (0.109785ms)
✔ A1 omissions, duplicate roots and foreign roots fail conservation (0.690096ms)
✔ A1 exact principal and as-of conservation (0.579871ms)
✔ A1 terminal history retained SATISFIED (0.356916ms)
✔ A1 terminal history retained SUPERSEDED (0.204897ms)
✔ A1 terminal history retained ABANDONED (0.330025ms)
✔ A1 privacy/deferred retains unknown and needs explicit reactivation (0.375433ms)
✔ A2 opaque typed identity PRINCIPAL (0.615634ms)
✔ A2 opaque typed identity OBJECTIVE (0.489394ms)
✔ A2 opaque typed identity OBLIGATION (0.068533ms)
✔ A2 opaque typed identity DECISION_REQUIREMENT (0.047331ms)
✔ A2 opaque typed identity INTENT (0.041713ms)
✔ A2 opaque typed identity RELEASE_ATTEMPT (0.041162ms)
✔ A2 opaque typed identity RECEIPT (0.06684ms)
✔ A2 opaque typed identity EFFECT (0.053931ms)
✔ A2 opaque typed identity VERIFICATION (0.102083ms)
✔ A2 opaque typed identity CONFLICT (0.072999ms)
✔ A2 opaque typed identity RESOLUTION (0.044546ms)
✔ A2 opaque typed identity WORK_EPISODE (0.039089ms)
✔ A2 opaque typed identity CONTINUATION (0.034422ms)
✔ A2 opaque typed identity WORKER (0.03364ms)
✔ A2 opaque typed identity SUBSTRATE (0.07306ms)
✔ A2 opaque typed identity CAUSAL_OCCURRENCE (0.052629ms)
✔ A2 opaque typed identity PROJECTION_RUN (0.335073ms)
✔ A2 opaque typed identity COMMUNICATION_EVENT (0.045498ms)
✔ A2 shared spelling or context never establishes resolution equivalence (0.583366ms)
✔ A2 explicit proved current relation alone supports consolidation (1.048745ms)
✔ A2 live/retry/replay/reconstruction count one causal occurrence (0.824387ms)
✔ A2 same occurrence semantic drift rejected operation_digest (0.184387ms)
✔ A2 same occurrence semantic drift rejected first_occurred_at (0.151087ms)
✔ A2 same occurrence semantic drift rejected originating_ref (0.178608ms)
✔ 07 historical truth differs from what was recorded by cut (0.180891ms)
✔ 07 decision-time invalidation at exact cut valid_until (0.161753ms)
✔ 07 decision-time invalidation at exact cut revoked_at (0.100471ms)
✔ 07 decision-time invalidation at exact cut superseded_at (0.172449ms)
✔ 07 observation and requalification meanings remain separate (0.17349ms)
✔ 07 invalid/noncanonical cut rejected 2026-02-30T12:00:00Z (0.105278ms)
✔ 07 invalid/noncanonical cut rejected 2026-10-03 (0.044416ms)
✔ 07 invalid/noncanonical cut rejected bad (0.034522ms)
✔ 07 invalid/noncanonical cut rejected 2026-10-03T12:00:00-05:00 (0.031488ms)
✔ 07 current truth is not latest row and validity cannot be empty (0.141883ms)
✔ 13 canonical lifecycle separates object kinds OBJECTIVE (0.290756ms)
✔ 13 canonical lifecycle separates object kinds OBLIGATION (0.110656ms)
✔ 13 canonical lifecycle separates object kinds DECISION_REQUIREMENT (0.128243ms)
✔ 13 exact targets, known reconciliation and version before closure (2.224129ms)
✔ 13 terminal correction explicit SATISFIED (0.330606ms)
✔ 13 terminal correction explicit SUPERSEDED (0.142604ms)
✔ 13 terminal correction explicit ABANDONED (0.228493ms)
✔ 13 stale duplicate and overflow commands fail without mutation (0.425589ms)
✔ A4 distinct epistemic effect state NO_SUBMISSION_PROVEN (0.227712ms)
✔ A4 distinct epistemic effect state SUBMISSION_KNOWN (0.058457ms)
✔ A4 distinct epistemic effect state EFFECT_VERIFIED (0.062974ms)
✔ A4 distinct epistemic effect state NO_EFFECT_VERIFIED (0.081292ms)
✔ A4 distinct epistemic effect state PARTIAL_EFFECT (0.210616ms)
✔ A4 distinct epistemic effect state AMBIGUOUS_EFFECT (0.05326ms)
✔ A4 distinct epistemic effect state CONFLICTED_EFFECT (0.043245ms)
✔ A4 distinct epistemic effect state RECONCILIATION_REQUIRED (0.038708ms)
✔ A4 distinct epistemic effect state UNAVAILABLE_READBACK (0.062664ms)
✔ A4 distinct epistemic effect state UNKNOWN (0.103946ms)
✔ A4 explicit evidence-reduced state NO_SUBMISSION_PROVEN (0.209895ms)
✔ A4 explicit evidence-reduced state SUBMISSION_KNOWN (0.203065ms)
✔ A4 explicit evidence-reduced state EFFECT_VERIFIED (0.150606ms)
✔ A4 explicit evidence-reduced state NO_EFFECT_VERIFIED (0.166189ms)
✔ A4 explicit evidence-reduced state PARTIAL_EFFECT (0.093881ms)
✔ A4 explicit evidence-reduced state AMBIGUOUS_EFFECT (0.072538ms)
✔ A4 explicit evidence-reduced state CONFLICTED_EFFECT (0.101653ms)
✔ A4 explicit evidence-reduced state RECONCILIATION_REQUIRED (0.070786ms)
✔ A4 explicit evidence-reduced state UNAVAILABLE_READBACK (0.130316ms)
✔ A4 transport success/inequality never proves no effect (0.316094ms)
✔ A4 immutable effect and occurrence binding operation_digest (0.110345ms)
✔ A4 immutable effect and occurrence binding intent (0.065589ms)
✔ A4 immutable effect and occurrence binding occurrence (0.064577ms)
✔ A4 immutable effect and occurrence binding expected_version (0.061523ms)
✔ A4 retry evidence never grants authority NO_SUBMISSION_PROVEN (0.108403ms)
✔ A4 retry evidence never grants authority SUBMISSION_KNOWN (0.045368ms)
✔ A4 retry evidence never grants authority EFFECT_VERIFIED (0.093571ms)
✔ A4 retry evidence never grants authority NO_EFFECT_VERIFIED (0.04673ms)
✔ A4 retry evidence never grants authority PARTIAL_EFFECT (0.037196ms)
✔ A4 retry evidence never grants authority AMBIGUOUS_EFFECT (0.037596ms)
✔ A4 retry evidence never grants authority CONFLICTED_EFFECT (0.04646ms)
✔ A4 retry evidence never grants authority RECONCILIATION_REQUIRED (0.043205ms)
✔ A4 retry evidence never grants authority UNAVAILABLE_READBACK (0.07328ms)
✔ A4 retry evidence never grants authority UNKNOWN (0.081943ms)
✔ A4 verified states require correction and unknown ambiguity stays blocked (0.55279ms)
✔ representation exact JSON round-trip EPISTEMIC (0.279078ms)
✔ representation exact JSON round-trip ITEM_FACT (0.232258ms)
✔ representation exact JSON round-trip IDENTITY (0.154882ms)
✔ representation exact JSON round-trip RELATION (0.307241ms)
✔ representation exact JSON round-trip CAUSAL_OCCURRENCE (0.164217ms)
✔ representation exact JSON round-trip TEMPORAL (0.091597ms)
✔ representation exact JSON round-trip LIFECYCLE (0.291648ms)
✔ representation exact JSON round-trip EFFECT (0.180451ms)
✔ representation retained total legacy map OBLIGATION_V0:OPEN (0.205839ms)
✔ representation retained total legacy map OBLIGATION_V0:IN_PROGRESS (0.052438ms)
✔ representation retained total legacy map OBLIGATION_V0:WAITING (0.038448ms)
✔ representation retained total legacy map OBLIGATION_V0:HOLD (0.03325ms)
✔ representation retained total legacy map OBLIGATION_V0:UNKNOWN (0.038528ms)
✔ representation retained total legacy map OBJECTIVE_V0:OPEN (0.036986ms)
✔ representation retained total legacy map OBJECTIVE_V0:HOLD (0.032919ms)
✔ representation retained total legacy map OBJECTIVE_V0:SATISFIED (0.032779ms)
✔ representation retained total legacy map OBJECTIVE_V0:ABANDONED (0.035834ms)
✔ representation retained total legacy map COVERAGE_V0:COMPLETE_FOR_DECLARED_SCOPE (0.037426ms)
✔ representation retained total legacy map COVERAGE_V0:INCOMPLETE_COVERAGE (0.030746ms)
✔ representation retained total legacy map COVERAGE_V0:CONFLICTED_COVERAGE (0.028423ms)
✔ representation retained total legacy map COVERAGE_V0:UNKNOWN_COVERAGE (0.027592ms)
✔ representation retained total legacy map EFFECT_V0:VERIFIED_EFFECT (0.031207ms)
✔ representation retained total legacy map EFFECT_V0:VERIFIED_NO_EFFECT (0.030035ms)
✔ representation retained total legacy map EFFECT_V0:AMBIGUOUS_EFFECT (0.028213ms)
✔ representation retained total legacy map EFFECT_V0:CONFLICT (0.028132ms)
✔ representation retained total legacy map EFFECT_V0:UNKNOWN (0.102414ms)
✔ representation ambiguous CLOSED/UNSATISFIED and default casing HOLD (0.166881ms)
✔ representation unknown schema/type/fields rejected (0.15952ms)
✔ all decoded structures detached, recursively immutable, no caller mutation (0.4126ms)
✔ strict runtime inputs reject sparse proof arrays and accessor/symbol fields (0.25963ms)
✔ A2 continuation carries exact generation/fence/incarnation without authority (0.402414ms)
✔ A2 invalid continuation representation rejected generation (0.176745ms)
✔ A2 invalid continuation representation rejected generation (0.083806ms)
✔ A2 invalid continuation representation rejected fence_token (0.068182ms)
✔ A2 invalid continuation representation rejected owner_incarnation (0.116124ms)
✔ A2 invalid continuation representation rejected admission_evidence_refs (0.094602ms)
✔ A2 invalid continuation representation rejected authority (0.051377ms)
✔ snapshot decoder cannot claim effect/terminal verification without proof (0.182955ms)
ℹ tests 159
ℹ suites 0
ℹ pass 159
ℹ fail 0
ℹ cancelled 0
ℹ skipped 0
ℹ todo 0
ℹ duration_ms 199.380992
