✔ T64 unrestricted DB mutation is forbidden (1.471862ms)
✔ T65 protocol authentication creates no IRIS/Current authority (0.248744ms)
✔ T66/T67 trusted device proves provenance only; ambient stays quarantine/noncanonical (0.332419ms)
✔ T07 full exact lease binding passes (0.817739ms)
✔ T08-T17 stale/revoked/worker/session possession cannot authorize (0.145639ms)
✔ T18 unresolved effect requires reconciliation (0.10648ms)
✔ T19 UNKNOWN authority fails closed (0.131036ms)
✔ T20 reauthorization advances generation and stale lease cannot be reused (0.11995ms)
✔ revocation advances generation (0.096825ms)
✔ retired worker cannot receive lease (0.350116ms)
✔ T68 bounded BIG packet/quarantine required (1.728817ms)
✔ T69 wrong principal excluded (0.255183ms)
✔ T70 IRIS cannot mutate BIG Current (0.288544ms)
✔ T71 BIG delta authority_effect is NONE (0.153571ms)
✔ T75 PR #1 unchanged boundary (0.261132ms)
✔ T76 candidate descends exact bee076 base (0.190556ms)
✔ T77 no live credentials provider deployment mutation (0.139049ms)
✔ T78 no Persistent Continuity activation (0.131758ms)
✔ T79 no standing authority commerce representation (0.369545ms)
✔ T80 no C4-C6 or ambient canonicalization (1.651612ms)
✔ T92 benchmark evidence alone cannot ADMIT (1.634907ms)
✔ T93 role-specific qualification cannot leak to another role (0.172779ms)
✔ T94 DEMOTED/EXPIRED is not route eligible and history remains data (0.108603ms)
✔ T89 route decision authority_effect=NONE (1.159472ms)
✔ T90 unqualified expired demoted capability cannot route (0.190927ms)
✔ T91 privacy/risk beats cheaper incompatible candidate (0.27993ms)
✔ T01/T02 identities remain distinct (1.189237ms)
✔ T03 provider cannot become worker by inference (0.501363ms)
✔ T04 trusted device is still DEVICE, not principal/truth/authority/current (0.181522ms)
✔ T05 replacement creates new identity/generation (0.225779ms)
✔ T06/T88 retired, expired, revoked workers fail closed (0.263656ms)
✔ T86 provider/model substitution does not alter institutional worker identity (0.17276ms)
✔ T87 successor worker receives new identity and no predecessor authority field exists (0.193741ms)
✔ identity ID and generation reuse rejected (0.233881ms)
✔ T24 provider session cannot become Current by runtime reconstruction (1.634386ms)
✔ T25 worker evidence path leaves canonical state unchanged (0.296446ms)
✔ T26/T27 restart reconstruction preserves objectives/obligations/unresolved effects (0.277337ms)
✔ T28 provider recovery does not equal Persistent Continuity admission (0.227131ms)
✔ T29-T32 exact AR predicates (1.413153ms)
✔ T33 overlap retains multiple predicates (0.364107ms)
✔ T34/T35/T36 informational/principal-only/satisfied negatives (0.205819ms)
✔ T37 IRIS-owned + Aaron authority positive; T38 external-owned escalation positive (0.241583ms)
✔ T39 exact canonical identity matches; T40 semantic similarity without anchor does not; T41 possible duplicate retained (0.789957ms)
✔ open decision with missing decision-maker is UNKNOWN and not omittable (0.168583ms)
✔ reserved authority without a proven valid delegation fails closed to AR-3 (0.287021ms)
✔ T55 one dependency drift reruns and stabilizes (1.967126ms)
✔ T56 repeated instability => UNKNOWN_COVERAGE (0.242174ms)
✔ load-bearing candidate change changes dependency digest (0.812381ms)
✔ exact canonical duplicates consolidate to one intervention (0.556746ms)
✔ open decision with unknown decision-maker goes to relevance UNKNOWN, never justified omission (3.880631ms)
✔ T44/T45/T46 stale, partial, missing required source => INCOMPLETE and no omission (1.108075ms)
✔ T47 unknown identity/applicability => UNKNOWN (0.191087ms)
✔ T48 required source wrong principal fails closed (0.123896ms)
✔ T42/T43/T49 material conflict prevents COMPLETE (2.540167ms)
✔ T50 all qualified conditions => COMPLETE (3.699248ms)
✔ T51 unclassifiable Aaron candidate => UNKNOWN (0.174572ms)
✔ T52/T53 omission requires all material dimensions (0.11936ms)
✔ T54 exact required source set cannot be silently narrowed away (0.1336ms)
✔ T54b caller required:false cannot narrow immutable required-source coverage (1.43074ms)
✔ T54c required applicable UNKNOWN freshness cannot produce COMPLETE or omission (0.198819ms)
✔ T54d unsupported required-source inapplicability fails closed (0.121342ms)
✔ T54e stale required-source inapplicability cannot produce COMPLETE or omission (0.156054ms)
✔ T54f partial required-source inapplicability cannot produce COMPLETE or omission (1.223268ms)
✔ T54g malformed runtime required-source shapes fail closed before completeness (0.558359ms)
✔ T55 one stabilized rerun may proceed; T56 repeated instability UNKNOWN (0.097236ms)
✔ T60 weights exactly 1/4/16/64 (1.102396ms)
✔ T57/T61 consequential miss fails; trivial omission cannot offset (0.357387ms)
✔ T58 abstention is not omission success; T59 incomplete not compression success; T62 false COMPLETE fails (0.127782ms)
✔ T63 governing reference-set scoring is not a Builder function (0.338649ms)
✔ post-E3: contextual objective does not pollute a decision intervention identity (1.988708ms)
✔ post-E3: exact duplicate obligation roots consolidate before intervention hashing (1.222437ms)
✔ post-E3: material conflict does not erase the underlying Aaron action (0.541344ms)
✔ post-E3: unresolved effect selects RECONCILE_EFFECT and preserves conflict plus intent anchors (0.444518ms)
✔ post-E3: one reserved-authority intervention may consolidate obligation decision and authority conflict (0.595885ms)
✔ post-E3: reserved authority with no proven valid delegation fails closed to Aaron-required authorization (1.959464ms)
✔ post-E3: COMPLETE requires explicit non-partial evidence for every immutable required source (0.310106ms)
✔ repository type-erased decoder cannot promote malformed required-source facts to COMPLETE (11.628242ms)
✔ repository performs real stable end-bracket comparison (0.829266ms)
✔ repository discards drifted first snapshot and reruns once (1.572323ms)
✔ repository fails UNKNOWN after second dependency instability (1.159383ms)
✔ T95 loading procedure grants no tool or authority access (1.369187ms)
✔ T96 superseded/retired/unqualified procedure rejected (0.477678ms)
✔ T97 provider substitution preserves compatibility or fails (0.232279ms)
✔ T72/T73 provider result is evidence only with zero external effect/no Current mutation (0.677849ms)
✔ T74 replacement worker preserves semantic evidence without inheriting identity (0.329235ms)
✔ T98 available sensor produces no automatic persistence (0.700523ms)
✔ T99 EPHEMERAL_WORKING expires and does not become evidence (0.12023ms)
✔ T100 unqualified observation cannot become evidence or Current (0.101162ms)
✔ T101 authenticated trusted device cannot prove Aaron identity truth authority (0.079419ms)
✔ T21 valid check/release calls fake adapter once (1.115076ms)
✔ T22 ambiguity after PREPARED requires reconciliation (0.161943ms)
✔ T08-T13 invalid generation blocks adapter (0.171748ms)
✔ T18 recovery of unknown PREPARED does not infer effect (0.125108ms)
✔ T23 cognition receives no broker credential in release-attempt shape (0.120591ms)
✔ T81 provider session disappearance leaves qualified checkpoint usable (1.04493ms)
✔ T82 tentative provider state cannot be admitted (0.210867ms)
✔ T83 replacement worker must use a new identity (0.147622ms)
✔ T84 unresolved effect survives restart (0.152399ms)
✔ T85 effectful step never blindly replays (0.19289ms)
✔ predicted preference only cannot authorize (1.881667ms)
✔ standing authorization outside scope blocked (0.393ms)
✔ expired standing authorization blocked (0.170776ms)
✔ explicit current Aaron decision in scope allowed (0.117447ms)
✔ authority UNKNOWN blocks consequential action (0.091027ms)
✔ privacy UNKNOWN blocks disclosure (0.640893ms)
✔ MCP tool presence creates no authority (0.15976ms)
✔ prior success does not create standing authority (0.174362ms)
✔ circuit authority scope mismatch blocks before persistence and execution (1.725823ms)
✔ act authority scope mismatch independently blocks executor invocation (0.707693ms)
✔ circuit privacy scope mismatch blocks before persistence and execution (0.352249ms)
✔ act privacy scope mismatch independently blocks executor invocation (0.207912ms)
✔ circuit retry class mismatch blocks before persistence and execution (0.309325ms)
✔ act retry class mismatch independently blocks executor invocation (0.124126ms)
✔ circuit tool identity mismatch blocks before persistence and execution (0.24623ms)
✔ act tool identity mismatch independently blocks executor invocation (0.491128ms)
✔ circuit combined Professor falsifier mismatch blocks before persistence and execution (0.19962ms)
✔ act combined Professor falsifier mismatch independently blocks executor invocation (0.143946ms)
✔ matching but UNKNOWN contract authority scope still fails closed (0.689666ms)
✔ matching but UNKNOWN contract privacy scope still fails closed (0.173971ms)
✔ BIG delta imports to quarantine only (1.176367ms)
✔ BIG delta cannot mutate current assertion directly (0.248753ms)
✔ BIG credential is absent from IRIS runtime contract (0.105208ms)
✔ IRIS credential is not exposed to BIG adapter (0.104808ms)
✔ BIG Current identifier remains external reference (0.175053ms)
✔ shared provider does not imply shared canonical state (0.118288ms)
✔ C3 positive circuit closes only after verified effect and records restrained learning (2.534158ms)
✔ C3 negative control tool receipt success without effect cannot close objective (0.438469ms)
✔ evidence occurrences are immutable (1.152371ms)
✔ current advances without overwriting history (0.303175ms)
✔ derived projection is explicitly noncanonical (0.250958ms)
✔ one experience produces only candidate learning (0.633562ms)
✔ kill after THINK resumes from canonical objective/obligation (1.353484ms)
✔ kill after intent persisted preserves intent (0.200501ms)
✔ kill after tool before receipt becomes effect-unknown boundary (1.189737ms)
✔ kill after receipt before verification does not infer effect (0.209425ms)
✔ external state change while asleep forces reorientation (0.150286ms)
✔ competing continuation generations fail CAS (0.567502ms)
✔ stale workflow checkpoint cannot outrank newer canonical state (0.283446ms)
✔ tracing unavailable cannot block canonical reconstruction (0.180872ms)
✔ model provider unavailable can fall back without changing authority (0.209295ms)
✔ empty model session memory does not affect reconstruction (0.753633ms)
✔ persisted intent only requires reconciliation (0.36623ms)
✔ persisted successful receipt without verification requires reconciliation (0.13302ms)
✔ persisted intent with VERIFIED_EFFECT admits only terminal effect dispositions (0.156385ms)
✔ persisted intent with VERIFIED_NO_EFFECT admits only terminal effect dispositions (0.183405ms)
✔ persisted intent with AMBIGUOUS_EFFECT admits only terminal effect dispositions (0.139149ms)
✔ persisted intent with UNKNOWN admits only terminal effect dispositions (0.274893ms)
✔ persisted intent with CONFLICT admits only terminal effect dispositions (0.105599ms)
✔ terminal verification for another intent cannot clear an unresolved persisted intent (0.172018ms)
✔ terminal verification cannot mask a coexisting unresolved disposition (0.139049ms)
✔ confirmed no-effect plus idempotent key allows bounded retry (0.710677ms)
✔ confirmed effect means no retry (0.134712ms)
✔ ambiguous landed effect requires reconciliation (0.084778ms)
✔ non-idempotent unsafe timeout/unknown holds (0.082394ms)
✔ duplicate receipt is reconciled as stored fact rather than creating authority (0.101994ms)
✔ receipt/tool success without verified effect is not objective success (0.076835ms)
✔ cognition provider substitution leaves canonical semantics unchanged (4.700893ms)
✔ workflow runtime ref is subordinate to canonical state (0.318198ms)
✔ tracing can disappear without canonical loss (0.160501ms)
✔ replaceable provider never becomes sole owner of irreducible property (0.181793ms)
✔ fresh process R1_CLEAN_CONTINUATION (97.178155ms)
✔ fresh process R2_CURRENT_CHANGED_AFTER_INTERRUPTION (90.320385ms)
✔ fresh process R3_CONFLICTING_EVIDENCE (93.616237ms)
✔ fresh process R4_MISSING_SOURCE (92.920307ms)
✔ fresh process R5_AMBIGUOUS_EXTERNAL_EFFECT (89.350584ms)
✔ fresh process R6_OPEN_OBLIGATION_NO_CONVERSATION (93.430454ms)
✔ fresh process R7_PRESERVED_AUTHORITY_STATE (88.943211ms)
✔ fresh process R8_HISTORY_SURVIVES_NEW_CURRENT (93.110067ms)
✔ fresh process R9_INTENT_ONLY (92.582822ms)
✔ fresh process R10_RECEIPT_WITHOUT_VERIFICATION (101.023989ms)
✔ R1_CLEAN_CONTINUATION (1.607696ms)
✔ R2_CURRENT_CHANGED_AFTER_INTERRUPTION (0.201653ms)
✔ R3_CONFLICTING_EVIDENCE (0.265789ms)
✔ R4_MISSING_SOURCE (0.141993ms)
✔ R5_AMBIGUOUS_EXTERNAL_EFFECT (0.178979ms)
✔ R6_OPEN_OBLIGATION_NO_CONVERSATION (4.788315ms)
✔ R7_PRESERVED_AUTHORITY_STATE (0.237146ms)
✔ R8_HISTORY_SURVIVES_NEW_CURRENT (0.236074ms)
✔ A1 distinct knowledge coordinate KNOWN (3.398206ms)
✔ A1 distinct knowledge coordinate UNKNOWN (0.24627ms)
✔ A1 distinct knowledge coordinate MISSING (0.104998ms)
✔ A1 distinct knowledge coordinate UNAVAILABLE (0.167091ms)
✔ A1 distinct knowledge coordinate CONFLICTED (0.189094ms)
✔ A1 distinct knowledge coordinate INVALID (0.134872ms)
✔ A1 distinct knowledge coordinate REJECTED (0.115714ms)
✔ A1 distinct applicability coordinate APPLICABLE (0.119029ms)
✔ A1 distinct applicability coordinate NOT_APPLICABLE_PROVEN (0.114973ms)
✔ A1 distinct applicability coordinate SATISFIED (0.199961ms)
✔ A1 distinct applicability coordinate SUPERSEDED (0.170667ms)
✔ A1 distinct applicability coordinate ABANDONED (0.107983ms)
✔ A1 distinct applicability coordinate UNKNOWN (0.069454ms)
✔ A1 distinct freshness coordinate CURRENT_AS_OF (0.12637ms)
✔ A1 distinct freshness coordinate STALE (0.072889ms)
✔ A1 distinct freshness coordinate UNKNOWN (0.061893ms)
✔ A1 distinct coverage coordinate COMPLETE_FOR_DECLARED_SCOPE (0.088312ms)
✔ A1 distinct coverage coordinate INCOMPLETE (0.05388ms)
✔ A1 distinct coverage coordinate CONFLICTED (0.09331ms)
✔ A1 distinct coverage coordinate UNKNOWN (0.111297ms)
✔ A1 missing coordinate rejected knowledge_state (0.469185ms)
✔ A1 missing coordinate rejected applicability_state (0.068483ms)
✔ A1 missing coordinate rejected freshness_state (0.084837ms)
✔ A1 missing coordinate rejected coverage_state (0.04608ms)
✔ A1 missing coordinate rejected as_of (0.035463ms)
✔ A1 missing coordinate rejected evidence_refs (0.031267ms)
✔ A1 missing coordinate rejected invalidators (0.032038ms)
✔ A1 unknown denial cannot become known false/not applicable (0.100191ms)
✔ A1 not-applicable absence is not proof (0.151488ms)
✔ A1 no casing/default/extra coordinate coercion (0.125328ms)
✔ A1 exact nonempty conserved facts produce complete coverage (0.422135ms)
✔ A1 empty scope never manufactures complete coverage (0.133561ms)
✔ A1 classification facts drive coverage UNKNOWN (0.237797ms)
✔ A1 classification facts drive coverage MISSING (0.155794ms)
✔ A1 classification facts drive coverage UNAVAILABLE (0.175494ms)
✔ A1 classification facts drive coverage CONFLICTED (0.129955ms)
✔ A1 classification facts drive coverage INVALID (0.108603ms)
✔ A1 classification facts drive coverage REJECTED (0.103465ms)
✔ A1 omissions, duplicate roots and foreign roots fail conservation (0.724809ms)
✔ A1 exact principal and as-of conservation (0.343386ms)
✔ A1 terminal history retained SATISFIED (0.231618ms)
✔ A1 terminal history retained SUPERSEDED (0.205399ms)
✔ A1 terminal history retained ABANDONED (0.282435ms)
✔ A1 privacy/deferred retains unknown and needs explicit reactivation (0.3791ms)
✔ A2 opaque typed identity PRINCIPAL (0.676126ms)
✔ A2 opaque typed identity OBJECTIVE (0.159179ms)
✔ A2 opaque typed identity OBLIGATION (0.060771ms)
✔ A2 opaque typed identity DECISION_REQUIREMENT (0.048312ms)
✔ A2 opaque typed identity INTENT (0.044937ms)
✔ A2 opaque typed identity RELEASE_ATTEMPT (0.042293ms)
✔ A2 opaque typed identity RECEIPT (0.072299ms)
✔ A2 opaque typed identity EFFECT (0.059029ms)
✔ A2 opaque typed identity VERIFICATION (0.084767ms)
✔ A2 opaque typed identity CONFLICT (0.090156ms)
✔ A2 opaque typed identity RESOLUTION (0.047912ms)
✔ A2 opaque typed identity WORK_EPISODE (0.067912ms)
✔ A2 opaque typed identity CONTINUATION (0.084387ms)
✔ A2 opaque typed identity WORKER (0.078227ms)
✔ A2 opaque typed identity SUBSTRATE (0.042123ms)
✔ A2 opaque typed identity CAUSAL_OCCURRENCE (0.035243ms)
✔ A2 opaque typed identity PROJECTION_RUN (0.035593ms)
✔ A2 opaque typed identity COMMUNICATION_EVENT (0.034963ms)
✔ A2 shared spelling or context never establishes resolution equivalence (0.563887ms)
✔ A2 explicit proved current relation alone supports consolidation (0.855405ms)
✔ A2 live/retry/replay/reconstruction count one causal occurrence (0.50577ms)
✔ A2 same occurrence semantic drift rejected operation_digest (0.194372ms)
✔ A2 same occurrence semantic drift rejected first_occurred_at (0.210747ms)
✔ A2 same occurrence semantic drift rejected originating_ref (0.124708ms)
✔ 07 historical truth differs from what was recorded by cut (0.230436ms)
✔ 07 decision-time invalidation at exact cut valid_until (0.200491ms)
✔ 07 decision-time invalidation at exact cut revoked_at (0.102373ms)
✔ 07 decision-time invalidation at exact cut superseded_at (0.082804ms)
✔ 07 observation and requalification meanings remain separate (0.164147ms)
✔ 07 invalid/noncanonical cut rejected 2026-02-30T12:00:00Z (0.092499ms)
✔ 07 invalid/noncanonical cut rejected 2026-10-03 (0.093731ms)
✔ 07 invalid/noncanonical cut rejected bad (0.040551ms)
✔ 07 invalid/noncanonical cut rejected 2026-10-03T12:00:00-05:00 (0.03297ms)
✔ 07 current truth is not latest row and validity cannot be empty (0.152529ms)
✔ 13 canonical lifecycle separates object kinds OBJECTIVE (0.289715ms)
✔ 13 canonical lifecycle separates object kinds OBLIGATION (0.11319ms)
✔ 13 canonical lifecycle separates object kinds DECISION_REQUIREMENT (0.100201ms)
✔ 13 exact targets, known reconciliation and version before closure (1.598272ms)
✔ 13 terminal correction explicit SATISFIED (0.342304ms)
✔ 13 terminal correction explicit SUPERSEDED (0.197437ms)
✔ 13 terminal correction explicit ABANDONED (0.300392ms)
✔ 13 stale duplicate and overflow commands fail without mutation (0.373081ms)
✔ A4 distinct epistemic effect state NO_SUBMISSION_PROVEN (0.152219ms)
✔ A4 distinct epistemic effect state SUBMISSION_KNOWN (0.067802ms)
✔ A4 distinct epistemic effect state EFFECT_VERIFIED (0.067331ms)
✔ A4 distinct epistemic effect state NO_EFFECT_VERIFIED (0.051287ms)
✔ A4 distinct epistemic effect state PARTIAL_EFFECT (0.060651ms)
✔ A4 distinct epistemic effect state AMBIGUOUS_EFFECT (0.045008ms)
✔ A4 distinct epistemic effect state CONFLICTED_EFFECT (0.057126ms)
✔ A4 distinct epistemic effect state RECONCILIATION_REQUIRED (0.05349ms)
✔ A4 distinct epistemic effect state UNAVAILABLE_READBACK (0.087742ms)
✔ A4 distinct epistemic effect state UNKNOWN (0.097145ms)
✔ A4 explicit evidence-reduced state NO_SUBMISSION_PROVEN (0.248133ms)
✔ A4 explicit evidence-reduced state SUBMISSION_KNOWN (0.121192ms)
✔ A4 explicit evidence-reduced state EFFECT_VERIFIED (0.077327ms)
✔ A4 explicit evidence-reduced state NO_EFFECT_VERIFIED (0.071557ms)
✔ A4 explicit evidence-reduced state PARTIAL_EFFECT (0.065048ms)
✔ A4 explicit evidence-reduced state AMBIGUOUS_EFFECT (0.114452ms)
✔ A4 explicit evidence-reduced state CONFLICTED_EFFECT (0.111287ms)
✔ A4 explicit evidence-reduced state RECONCILIATION_REQUIRED (0.072108ms)
✔ A4 explicit evidence-reduced state UNAVAILABLE_READBACK (0.111067ms)
✔ A4 transport success/inequality never proves no effect (0.350026ms)
✔ A4 immutable effect and occurrence binding operation_digest (0.125158ms)
✔ A4 immutable effect and occurrence binding intent (0.065208ms)
✔ A4 immutable effect and occurrence binding occurrence (0.065259ms)
✔ A4 immutable effect and occurrence binding expected_version (0.196225ms)
✔ A4 retry evidence never grants authority NO_SUBMISSION_PROVEN (0.157066ms)
✔ A4 retry evidence never grants authority SUBMISSION_KNOWN (0.054962ms)
✔ A4 retry evidence never grants authority EFFECT_VERIFIED (0.038137ms)
✔ A4 retry evidence never grants authority NO_EFFECT_VERIFIED (0.036164ms)
✔ A4 retry evidence never grants authority PARTIAL_EFFECT (0.050055ms)
✔ A4 retry evidence never grants authority AMBIGUOUS_EFFECT (0.042854ms)
✔ A4 retry evidence never grants authority CONFLICTED_EFFECT (0.044868ms)
✔ A4 retry evidence never grants authority RECONCILIATION_REQUIRED (0.044467ms)
✔ A4 retry evidence never grants authority UNAVAILABLE_READBACK (0.083365ms)
✔ A4 retry evidence never grants authority UNKNOWN (0.064537ms)
✔ A4 verified states require correction and unknown ambiguity stays blocked (0.242334ms)
✔ representation exact JSON round-trip EPISTEMIC (0.3191ms)
✔ representation exact JSON round-trip ITEM_FACT (0.237006ms)
✔ representation exact JSON round-trip IDENTITY (0.077907ms)
✔ representation exact JSON round-trip RELATION (0.244318ms)
✔ representation exact JSON round-trip CAUSAL_OCCURRENCE (0.190997ms)
✔ representation exact JSON round-trip TEMPORAL (0.140942ms)
✔ representation exact JSON round-trip LIFECYCLE (0.240982ms)
✔ representation exact JSON round-trip EFFECT (0.221232ms)
✔ representation retained total legacy map OBLIGATION_V0:OPEN (0.180261ms)
✔ representation retained total legacy map OBLIGATION_V0:IN_PROGRESS (0.107252ms)
✔ representation retained total legacy map OBLIGATION_V0:WAITING (0.059279ms)
✔ representation retained total legacy map OBLIGATION_V0:HOLD (0.047822ms)
✔ representation retained total legacy map OBLIGATION_V0:UNKNOWN (0.056164ms)
✔ representation retained total legacy map OBJECTIVE_V0:OPEN (0.051197ms)
✔ representation retained total legacy map OBJECTIVE_V0:HOLD (0.047702ms)
✔ representation retained total legacy map OBJECTIVE_V0:SATISFIED (0.050476ms)
✔ representation retained total legacy map OBJECTIVE_V0:ABANDONED (0.052449ms)
✔ representation retained total legacy map COVERAGE_V0:COMPLETE_FOR_DECLARED_SCOPE (0.057696ms)
✔ representation retained total legacy map COVERAGE_V0:INCOMPLETE_COVERAGE (0.09928ms)
✔ representation retained total legacy map COVERAGE_V0:CONFLICTED_COVERAGE (0.047812ms)
✔ representation retained total legacy map COVERAGE_V0:UNKNOWN_COVERAGE (0.044297ms)
✔ representation retained total legacy map EFFECT_V0:VERIFIED_EFFECT (0.043165ms)
✔ representation retained total legacy map EFFECT_V0:VERIFIED_NO_EFFECT (0.085568ms)
✔ representation retained total legacy map EFFECT_V0:AMBIGUOUS_EFFECT (0.048984ms)
✔ representation retained total legacy map EFFECT_V0:CONFLICT (0.047061ms)
✔ representation retained total legacy map EFFECT_V0:UNKNOWN (0.045508ms)
✔ representation ambiguous CLOSED/UNSATISFIED and default casing HOLD (0.223165ms)
✔ representation unknown schema/type/fields rejected (0.247101ms)
✔ all decoded structures detached, recursively immutable, no caller mutation (0.342514ms)
✔ strict runtime inputs reject sparse proof arrays and accessor/symbol fields (0.248052ms)
✔ A2 continuation carries exact generation/fence/incarnation without authority (0.41233ms)
✔ A2 invalid continuation representation rejected generation (0.182204ms)
✔ A2 invalid continuation representation rejected generation (0.092279ms)
✔ A2 invalid continuation representation rejected fence_token (0.06712ms)
✔ A2 invalid continuation representation rejected owner_incarnation (0.056465ms)
✔ A2 invalid continuation representation rejected admission_evidence_refs (0.085528ms)
✔ A2 invalid continuation representation rejected authority (0.045348ms)
✔ snapshot decoder cannot claim effect/terminal verification without proof (0.218559ms)
ℹ tests 337
ℹ suites 0
ℹ pass 337
ℹ fail 0
ℹ cancelled 0
ℹ skipped 0
ℹ todo 0
ℹ duration_ms 1585.510737
